name: apt-ftparchive
description: 'apt 2.8.3 (arm64) Commands: packages binarypath [overridefile [pathprefix]]'
usage:
- 'Usage: apt-ftparchive [options] command'
flags:
- spellings:
  - -h
  description: This help text
  provenance:
    sources:
    - help-text
- spellings:
  - --md5
  description: Control MD5 generation
  provenance:
    sources:
    - help-text
- spellings:
  - -s
  value_name: '?'
  value_kind: Required
  description: Source override file
  provenance:
    sources:
    - help-text
- spellings:
  - -q
  description: Quiet
  provenance:
    sources:
    - help-text
- spellings:
  - -d
  value_name: '?'
  value_kind: Required
  description: Select the optional caching database
  provenance:
    sources:
    - help-text
- spellings:
  - --no-delink
  description: Enable delinking debug mode
  provenance:
    sources:
    - help-text
- spellings:
  - --contents
  description: Control contents file generation
  provenance:
    sources:
    - help-text
- spellings:
  - -c
  value_name: '?'
  value_kind: Required
  description: Read this configuration file
  provenance:
    sources:
    - help-text
- spellings:
  - -o
  value_name: '?'
  value_kind: Required
  description: Set an arbitrary configuration option
  provenance:
    sources:
    - help-text
provenance:
  sources:
  - help-text
  confidence: 0.5
children_filled: true
subcommands:
- name: packages
  provenance:
    sources:
    - help-text
  invocation_attested: true
- name: sources
  provenance:
    sources:
    - help-text
  invocation_attested: true
- name: contents
  provenance:
    sources:
    - help-text
  invocation_attested: true
- name: release
  provenance:
    sources:
    - help-text
  invocation_attested: true
- name: generate
  provenance:
    sources:
    - help-text
  invocation_attested: true
- name: clean
  provenance:
    sources:
    - help-text
  invocation_attested: true
