name: sqfstar
usage:
- sqfstar [OPTIONS] FILESYSTEM [list of exclude dirs/files]
positionals:
- name: FILESYSTEM
  required: true
  provenance:
    sources:
    - help-text
flags:
- spellings:
  - -b
  value_name: <block_size>
  value_kind: Required
  group: 'Filesystem compression options:'
  description: set data block to <block_size>. Default 128 Kbytes. Optionally a suffix of K or M can be given to specify Kbytes or Mbytes respectively
  provenance:
    sources:
    - help-text
- spellings:
  - -comp
  value_name: <comp>
  value_kind: Required
  group: 'Filesystem compression options:'
  description: 'select <comp> compression Compressors available: gzip (default) lzo lz4 xz zstd lzma'
  provenance:
    sources:
    - help-text
- spellings:
  - -noI
  group: 'Filesystem compression options:'
  description: do not compress inode table
  provenance:
    sources:
    - help-text
- spellings:
  - -noId
  group: 'Filesystem compression options:'
  description: do not compress the uid/gid table (implied by -noI)
  provenance:
    sources:
    - help-text
- spellings:
  - -noD
  group: 'Filesystem compression options:'
  description: do not compress data blocks
  provenance:
    sources:
    - help-text
- spellings:
  - -noF
  group: 'Filesystem compression options:'
  description: do not compress fragment blocks
  provenance:
    sources:
    - help-text
- spellings:
  - -noX
  group: 'Filesystem compression options:'
  description: do not compress extended attributes
  provenance:
    sources:
    - help-text
- spellings:
  - -no-compression
  group: 'Filesystem compression options:'
  description: do not compress any of the data or metadata. This is equivalent to specifying -noI -noD -noF and -noX
  provenance:
    sources:
    - help-text
- spellings:
  - -reproducible
  group: 'Filesystem build options:'
  description: build filesystems that are reproducible (default)
  provenance:
    sources:
    - help-text
- spellings:
  - -not-reproducible
  group: 'Filesystem build options:'
  description: build filesystems that are not reproducible
  provenance:
    sources:
    - help-text
- spellings:
  - -mkfs-time
  value_name: <time>
  value_kind: Required
  group: 'Filesystem build options:'
  description: set filesystem creation timestamp to <time>. <time> can be an unsigned 32-bit int indicating seconds since the epoch (1970-01-01) or a string value which is passed to the "date" command to parse. Any string value which the date command recognises can be used such as "now", "last week", or "Wed Feb 15 21:02:39 GMT 2023"
  provenance:
    sources:
    - help-text
- spellings:
  - -all-time
  value_name: <time>
  value_kind: Required
  group: 'Filesystem build options:'
  description: set all file timestamps to <time>. <time> can be an unsigned 32-bit int indicating seconds since the epoch (1970-01-01) or a string value which is passed to the "date" command to parse. Any string value which the date command recognises can be used such as "now", "last week", or "Wed Feb 15 21:02:39 GMT 2023"
  provenance:
    sources:
    - help-text
- spellings:
  - -root-time
  value_name: <time>
  value_kind: Required
  group: 'Filesystem build options:'
  description: set root directory time to <time>. <time> can be an unsigned 32-bit int indicating seconds since the epoch (1970-01-01) or a string value which is passed to the "date" command to parse. Any string value which the date command recognises can be used such as "now", "last week", or "Wed Feb 15 21:02:39 GMT 2023"
  provenance:
    sources:
    - help-text
- spellings:
  - -root-mode
  value_name: <mode>
  value_kind: Required
  group: 'Filesystem build options:'
  description: set root directory permissions to octal <mode>
  provenance:
    sources:
    - help-text
- spellings:
  - -root-uid
  value_name: <value>
  value_kind: Required
  group: 'Filesystem build options:'
  description: set root directory owner to specified <value>, <value> can be either an integer uid or user name
  provenance:
    sources:
    - help-text
- spellings:
  - -root-gid
  value_name: <value>
  value_kind: Required
  group: 'Filesystem build options:'
  description: set root directory group to specified <value>, <value> can be either an integer gid or group name
  provenance:
    sources:
    - help-text
- spellings:
  - -all-root
  group: 'Filesystem build options:'
  description: make all files owned by root
  provenance:
    sources:
    - help-text
- spellings:
  - -force-uid
  value_name: <value>
  value_kind: Required
  group: 'Filesystem build options:'
  description: set all file uids to specified <value>, <value> can be either an integer uid or user name
  provenance:
    sources:
    - help-text
- spellings:
  - -force-gid
  value_name: <value>
  value_kind: Required
  group: 'Filesystem build options:'
  description: set all file gids to specified <value>, <value> can be either an integer gid or group name
  provenance:
    sources:
    - help-text
- spellings:
  - -default-mode
  value_name: <mode>
  value_kind: Required
  group: 'Filesystem build options:'
  description: tar files often do not store permissions for intermediate directories. This option sets the default directory permissions to octal <mode>, rather than 0755. This also sets the root inode mode
  provenance:
    sources:
    - help-text
- spellings:
  - -default-uid
  value_name: <uid>
  value_kind: Required
  group: 'Filesystem build options:'
  description: tar files often do not store uids for intermediate directories. This option sets the default directory owner to <uid>, rather than the user running Sqfstar. This also sets the root inode uid
  provenance:
    sources:
    - help-text
- spellings:
  - -default-gid
  value_name: <gid>
  value_kind: Required
  group: 'Filesystem build options:'
  description: tar files often do not store gids for intermediate directories. This option sets the default directory group to <gid>, rather than the group of the user running Sqfstar. This also sets the root inode gid
  provenance:
    sources:
    - help-text
- spellings:
  - -pseudo-override
  group: 'Filesystem build options:'
  description: make pseudo file uids and gids override -all-root, -force-uid and -force-gid options
  provenance:
    sources:
    - help-text
- spellings:
  - -exports
  group: 'Filesystem build options:'
  description: make the filesystem exportable via NFS
  provenance:
    sources:
    - help-text
- spellings:
  - -no-sparse
  group: 'Filesystem build options:'
  description: do not detect sparse files
  provenance:
    sources:
    - help-text
- spellings:
  - -no-fragments
  group: 'Filesystem build options:'
  description: do not use fragments
  provenance:
    sources:
    - help-text
- spellings:
  - -no-tailends
  group: 'Filesystem build options:'
  description: do not pack tail ends into fragments
  provenance:
    sources:
    - help-text
- spellings:
  - -no-duplicates
  group: 'Filesystem build options:'
  description: do not perform duplicate checking
  provenance:
    sources:
    - help-text
- spellings:
  - -no-hardlinks
  group: 'Filesystem build options:'
  description: do not hardlink files, instead store duplicates
  provenance:
    sources:
    - help-text
- spellings:
  - -p
  value_name: <pseudo-definition>
  value_kind: Required
  group: 'Filesystem filter options:'
  description: add pseudo file definition. The definition should be quoted
  provenance:
    sources:
    - help-text
- spellings:
  - -pf
  value_name: <pseudo-file>
  value_kind: Required
  group: 'Filesystem filter options:'
  description: add list of pseudo file definitions. Pseudo file definitions in pseudo-files should not be quoted
  provenance:
    sources:
    - help-text
- spellings:
  - -ef
  value_name: <exclude_file>
  value_kind: Required
  group: 'Filesystem filter options:'
  description: list of exclude dirs/files. One per line
  provenance:
    sources:
    - help-text
- spellings:
  - -regex
  group: 'Filesystem filter options:'
  description: allow POSIX regular expressions to be used in exclude dirs/files
  provenance:
    sources:
    - help-text
- spellings:
  - -ignore-zeros
  group: 'Filesystem filter options:'
  description: allow tar files to be concatenated together and fed to Sqfstar. Normally a tarfile has two consecutive 512 byte blocks filled with zeros which means EOF and Sqfstar will stop reading after the first tar file on encountering them. This option makes Sqfstar ignore the zero filled blocks
  provenance:
    sources:
    - help-text
- spellings:
  - -no-xattrs
  group: 'Filesystem extended attribute (xattrs) options:'
  description: do not store extended attributes
  provenance:
    sources:
    - help-text
- spellings:
  - -xattrs
  group: 'Filesystem extended attribute (xattrs) options:'
  description: store extended attributes (default)
  provenance:
    sources:
    - help-text
- spellings:
  - -xattrs-exclude
  value_name: <regex>
  value_kind: Required
  group: 'Filesystem extended attribute (xattrs) options:'
  description: exclude any xattr names matching <regex>. <regex> is a POSIX regular expression, e.g. -xattrs-exclude '^user.' excludes xattrs from the user namespace
  provenance:
    sources:
    - help-text
- spellings:
  - -xattrs-include
  value_name: <regex>
  value_kind: Required
  group: 'Filesystem extended attribute (xattrs) options:'
  description: include any xattr names matching <regex>. <regex> is a POSIX regular expression, e.g. -xattrs-include '^user.' includes xattrs from the user namespace
  provenance:
    sources:
    - help-text
- spellings:
  - -xattrs-add
  value_name: <name=val>
  value_kind: Required
  group: 'Filesystem extended attribute (xattrs) options:'
  description: add the xattr <name> with <val> to files. If an user xattr it will be added to regular files and directories (see man 7 xattr). Otherwise it will be added to all files. <val> by default will be treated as binary (i.e. an uninterpreted byte sequence), but it can be prefixed with 0s, where it will be treated as base64 encoded, or prefixed with 0x, where val will be treated as hexidecimal. Additionally it can be prefixed with 0t where this encoding is similar to binary encoding, except backslashes are specially treated, and a backslash followed by 3 octal digits can be used to encode any ASCII character, which obviously can be used to encode control codes. The option can be repeated multiple times to add multiple xattrs
  provenance:
    sources:
    - help-text
- spellings:
  - -version
  group: 'Sqfstar runtime options:'
  description: print version, licence and copyright message
  provenance:
    sources:
    - help-text
- spellings:
  - -force
  group: 'Sqfstar runtime options:'
  description: force Sqfstar to write to block device or file
  provenance:
    sources:
    - help-text
- spellings:
  - -exit-on-error
  group: 'Sqfstar runtime options:'
  description: treat normally ignored errors as fatal
  provenance:
    sources:
    - help-text
- spellings:
  - -quiet
  group: 'Sqfstar runtime options:'
  description: no verbose output
  provenance:
    sources:
    - help-text
- spellings:
  - -info
  group: 'Sqfstar runtime options:'
  description: print files written to filesystem
  provenance:
    sources:
    - help-text
- spellings:
  - -no-progress
  group: 'Sqfstar runtime options:'
  description: do not display the progress bar
  provenance:
    sources:
    - help-text
- spellings:
  - -progress
  group: 'Sqfstar runtime options:'
  description: display progress bar when using the -info option
  provenance:
    sources:
    - help-text
- spellings:
  - -percentage
  group: 'Sqfstar runtime options:'
  description: display a percentage rather than the full progress bar. Can be used with dialog --gauge etc.
  provenance:
    sources:
    - help-text
- spellings:
  - -throttle
  value_name: <percentage>
  value_kind: Required
  group: 'Sqfstar runtime options:'
  description: throttle the I/O input rate by the given percentage. This can be used to reduce the I/O and CPU consumption of Sqfstar
  provenance:
    sources:
    - help-text
- spellings:
  - -limit
  value_name: <percentage>
  value_kind: Required
  group: 'Sqfstar runtime options:'
  description: limit the I/O input rate to the given percentage. This can be used to reduce the I/O and CPU consumption of Sqfstar (alternative to -throttle)
  provenance:
    sources:
    - help-text
- spellings:
  - -processors
  value_name: <number>
  value_kind: Required
  group: 'Sqfstar runtime options:'
  description: use <number> processors. By default will use number of processors available
  provenance:
    sources:
    - help-text
- spellings:
  - -mem
  value_name: <size>
  value_kind: Required
  group: 'Sqfstar runtime options:'
  description: use <size> physical memory for caches. Use K, M or G to specify Kbytes, Mbytes or Gbytes respectively
  provenance:
    sources:
    - help-text
- spellings:
  - -mem-percent
  value_name: <percent>
  value_kind: Required
  group: 'Sqfstar runtime options:'
  description: use <percent> physical memory for caches. Default 25%
  provenance:
    sources:
    - help-text
- spellings:
  - -mem-default
  group: 'Sqfstar runtime options:'
  description: print default memory usage in Mbytes
  provenance:
    sources:
    - help-text
- spellings:
  - -nopad
  group: 'Expert options (these may make the filesystem unmountable):'
  description: do not pad filesystem to a multiple of 4K
  provenance:
    sources:
    - help-text
- spellings:
  - -offset
  value_name: <offset>
  value_kind: Required
  group: 'Expert options (these may make the filesystem unmountable):'
  description: skip <offset> bytes at the beginning of FILESYSTEM. Optionally a suffix of K, M or G can be given to specify Kbytes, Mbytes or Gbytes respectively. Default 0 bytes
  provenance:
    sources:
    - help-text
- spellings:
  - -o
  value_name: <offset>
  value_kind: Required
  group: 'Expert options (these may make the filesystem unmountable):'
  description: synonym for -offset
  provenance:
    sources:
    - help-text
- spellings:
  - -fstime
  value_name: <time>
  value_kind: Required
  group: 'Miscellaneous options:'
  description: alternative name for mkfs-time
  provenance:
    sources:
    - help-text
- spellings:
  - -root-owned
  group: 'Miscellaneous options:'
  description: alternative name for -all-root
  provenance:
    sources:
    - help-text
- spellings:
  - -noInodeCompression
  group: 'Miscellaneous options:'
  description: alternative name for -noI
  provenance:
    sources:
    - help-text
- spellings:
  - -noIdTableCompression
  group: 'Miscellaneous options:'
  description: alternative name for -noId
  provenance:
    sources:
    - help-text
- spellings:
  - -noDataCompression
  group: 'Miscellaneous options:'
  description: alternative name for -noD
  provenance:
    sources:
    - help-text
- spellings:
  - -noFragmentCompression
  group: 'Miscellaneous options:'
  description: alternative name for -noF
  provenance:
    sources:
    - help-text
- spellings:
  - -noXattrCompression
  group: 'Miscellaneous options:'
  description: alternative name for -noX
  provenance:
    sources:
    - help-text
- spellings:
  - -help
  group: 'Miscellaneous options:'
  description: output this options text to stdout
  provenance:
    sources:
    - help-text
- spellings:
  - -h
  group: 'Miscellaneous options:'
  description: output this options text to stdout
  provenance:
    sources:
    - help-text
- spellings:
  - -Xhelp
  group: 'Miscellaneous options:'
  description: print compressor options for selected compressor
  provenance:
    sources:
    - help-text
- spellings:
  - -Xcompression-level
  value_name: <compression-level>
  value_kind: Required
  group: gzip (default)
  description: <compression-level> should be 1 .. 9 (default 9)
  provenance:
    sources:
    - help-text
- spellings:
  - -Xwindow-size
  value_name: <window-size>
  value_kind: Required
  group: gzip (default)
  description: <window-size> should be 8 .. 15 (default 15)
  provenance:
    sources:
    - help-text
- spellings:
  - -Xstrategy
  group: gzip (default)
  description: 'Compress using strategy1,strategy2,...,strategyN in turn and choose the best compression. Available strategies: default, filtered, huffman_only, run_length_encoded and fixed'
  provenance:
    sources:
    - help-text
- spellings:
  - -Xalgorithm
  value_name: <algorithm>
  value_kind: Required
  group: lzo
  description: 'Where <algorithm> is one of: lzo1x_1 lzo1x_1_11 lzo1x_1_12 lzo1x_1_15 lzo1x_999 (default)'
  provenance:
    sources:
    - help-text
- spellings:
  - -Xcompression-level
  value_name: <compression-level>
  value_kind: Required
  group: lzo
  description: <compression-level> should be 1 .. 9 (default 8) Only applies to lzo1x_999 algorithm
  provenance:
    sources:
    - help-text
- spellings:
  - -Xhc
  group: lz4
  description: Compress using LZ4 High Compression
  provenance:
    sources:
    - help-text
- spellings:
  - -Xbcj
  group: xz
  description: 'Compress using filter1,filter2,...,filterN in turn (in addition to no filter), and choose the best compression. Available filters: x86, arm, armthumb, powerpc, sparc, ia64'
  provenance:
    sources:
    - help-text
- spellings:
  - -Xdict-size
  value_name: <dict-size>
  value_kind: Required
  group: xz
  description: Use <dict-size> as the XZ dictionary size. The dictionary size can be specified as a percentage of the block size, or as an absolute value. The dictionary size must be less than or equal to the block size and 8192 bytes or larger. It must also be storable in the xz header as either 2^n or as 2^n+2^(n+1). Example dict-sizes are 75%, 50%, 37.5%, 25%, or 32K, 16K, 8K etc.
  provenance:
    sources:
    - help-text
- spellings:
  - -Xcompression-level
  value_name: <compression-level>
  value_kind: Required
  group: zstd
  description: <compression-level> should be 1 .. 22 (default 15)
  provenance:
    sources:
    - help-text
env_vars:
- name: SOURCE_DATE_EPOCH
  group: 'Environment:'
  description: If set, this is used as the filesystem creation timestamp. Also any file timestamps which are after SOURCE_DATE_EPOCH will be clamped to SOURCE_DATE_EPOCH. See https://reproducible-builds.org/docs/source-date-epoch/ for more information
  provenance:
    sources:
    - help-text
provenance:
  sources:
  - help-text
  confidence: 0.5
children_filled: true
