name: qemu-arm64-static
description: Linux CPU emulator (compiled for aarch64 emulation)
usage:
- 'usage: qemu-aarch64 [options] program [arguments...]'
flags:
- spellings:
  - -h
  description: print this help
  provenance:
    sources:
    - help-text
- spellings:
  - -help
  provenance:
    sources:
    - help-text
- spellings:
  - -g
  value_name: port
  value_kind: Required
  description: QEMU_GDB wait gdb connection to 'port'
  provenance:
    sources:
    - help-text
- spellings:
  - -L
  value_name: path
  value_kind: Required
  description: QEMU_LD_PREFIX set the elf interpreter prefix to 'path'
  provenance:
    sources:
    - help-text
- spellings:
  - -s
  value_name: size
  value_kind: Required
  description: QEMU_STACK_SIZE set the stack size to 'size' bytes
  provenance:
    sources:
    - help-text
- spellings:
  - -cpu
  description: QEMU_CPU select CPU (-cpu help for list)
  provenance:
    sources:
    - help-text
- spellings:
  - -E
  value_name: var=value
  value_kind: Required
  description: QEMU_SET_ENV sets targets environment variable (see below)
  provenance:
    sources:
    - help-text
- spellings:
  - -U
  value_name: var
  value_kind: Required
  description: QEMU_UNSET_ENV unsets targets environment variable (see below)
  provenance:
    sources:
    - help-text
- spellings:
  - '-0'
  value_name: argv0
  value_kind: Required
  description: QEMU_ARGV0 forces target process argv[0] to be 'argv0'
  provenance:
    sources:
    - help-text
- spellings:
  - -r
  value_name: uname
  value_kind: Required
  description: QEMU_UNAME set qemu uname release string to 'uname'
  provenance:
    sources:
    - help-text
- spellings:
  - -B
  value_name: address
  value_kind: Required
  description: QEMU_GUEST_BASE set guest_base address to 'address'
  provenance:
    sources:
    - help-text
- spellings:
  - -R
  value_name: size
  value_kind: Required
  description: QEMU_RESERVED_VA reserve 'size' bytes for guest virtual address space
  provenance:
    sources:
    - help-text
- spellings:
  - -d
  value_name: item[,...]
  value_kind: Required
  description: QEMU_LOG enable logging of specified items (use '-d help' for a list of items)
  provenance:
    sources:
    - help-text
- spellings:
  - -dfilter
  description: filter logging based on address range
  provenance:
    sources:
    - help-text
- spellings:
  - -D
  value_name: logfile
  value_kind: Required
  description: QEMU_LOG_FILENAME write logs to 'logfile' (default stderr)
  provenance:
    sources:
    - help-text
- spellings:
  - -p
  value_name: pagesize
  value_kind: Required
  description: QEMU_PAGESIZE set the host page size to 'pagesize'
  provenance:
    sources:
    - help-text
- spellings:
  - -one-insn-per-tb
  description: QEMU_ONE_INSN_PER_TB run with one guest instruction per emulated TB
  provenance:
    sources:
    - help-text
- spellings:
  - -singlestep
  description: QEMU_SINGLESTEP deprecated synonym for -one-insn-per-tb
  provenance:
    sources:
    - help-text
- spellings:
  - -strace
  description: QEMU_STRACE log system calls
  provenance:
    sources:
    - help-text
- spellings:
  - -seed
  description: QEMU_RAND_SEED Seed for pseudo-random number generator
  provenance:
    sources:
    - help-text
- spellings:
  - -trace
  description: QEMU_TRACE [[enable=]<pattern>][,events=<file>][,file=<file>]
  provenance:
    sources:
    - help-text
- spellings:
  - -version
  description: QEMU_VERSION display version information and exit
  provenance:
    sources:
    - help-text
- spellings:
  - -perfmap
  description: QEMU_PERFMAP Generate a /tmp/perf-${pid}.map file for perf
  provenance:
    sources:
    - help-text
- spellings:
  - -jitdump
  description: QEMU_JITDUMP Generate a jit-${pid}.dump file for perf
  provenance:
    sources:
    - help-text
- spellings:
  - -E
  value_name: var1=val2
  value_kind: Required
  group: 'The following lines are equivalent:'
  provenance:
    sources:
    - help-text
- spellings:
  - -E
  value_name: var1=val2,var2=val2
  value_kind: Required
  group: 'The following lines are equivalent:'
  provenance:
    sources:
    - help-text
provenance:
  sources:
  - help-text
  confidence: 0.5
children_filled: true
