name: expand
description: Convert tabs in each FILE to spaces, writing to standard output.
usage:
- 'Usage: /usr/bin/expand [OPTION]... [FILE]...'
positionals:
- name: FILE
  variadic: true
  provenance:
    sources:
    - help-text
flags:
- short: 'i'
  long: initial
  group: Mandatory arguments to long options are mandatory for short options too.
  description: do not convert tabs after non blanks
  provenance:
    sources:
    - help-text
- short: 't'
  long: tabs
  value_name: N
  value_kind: Required
  group: Mandatory arguments to long options are mandatory for short options too.
  description: have tabs N characters apart, not 8
  provenance:
    sources:
    - help-text
- short: 't'
  long: tabs
  value_name: LIST
  value_kind: Required
  group: Mandatory arguments to long options are mandatory for short options too.
  description: use comma separated list of tab positions. The last specified position can be prefixed with '/' to specify a tab size to use after the last explicitly specified tab stop. Also a prefix of '+' can be used to align remaining tab stops relative to the last specified tab stop instead of the first column
  provenance:
    sources:
    - help-text
- long: help
  group: Mandatory arguments to long options are mandatory for short options too.
  description: display this help and exit
  provenance:
    sources:
    - help-text
- long: version
  group: Mandatory arguments to long options are mandatory for short options too.
  description: output version information and exit
  provenance:
    sources:
    - help-text
detected_framework: GNU argp/getopt_long
provenance:
  sources:
  - help-text
  confidence: 1.0
children_filled: true
