name: vgextend
usage:
- vgextend VG PV ... [ -A|--autobackup y|n ] [ -f|--force ] [ -Z|--zero y|n ] [ -M|--metadatatype lvm2 ] [    --labelsector Number ] [    --metadatasize Size[m|UNIT] ] [    --pvmetadatacopies 0|1|2 ] [    --metadataignore y|n ] [    --dataalignment Size[k|UNIT] ] [    --dataalignmentoffset Size[k|UNIT] ] [    --reportformat basic|json ] [    --restoremissing ] [ COMMON_OPTIONS ]
positionals:
- name: VG
  required: true
  provenance:
    sources:
    - help-text
- name: PV
  required: true
  provenance:
    sources:
    - help-text
- name: COMMON_OPTIONS
  required: true
  provenance:
    sources:
    - help-text
flags:
- spellings:
  - -d
  - --debug
  group: 'Common options for lvm:'
  provenance:
    sources:
    - help-text
- spellings:
  - -h
  - --help
  group: 'Common options for lvm:'
  provenance:
    sources:
    - help-text
- spellings:
  - -q
  - --quiet
  group: 'Common options for lvm:'
  provenance:
    sources:
    - help-text
- spellings:
  - -v
  - --verbose
  group: 'Common options for lvm:'
  provenance:
    sources:
    - help-text
- spellings:
  - -y
  - --yes
  group: 'Common options for lvm:'
  provenance:
    sources:
    - help-text
- spellings:
  - -t
  - --test
  group: 'Common options for lvm:'
  provenance:
    sources:
    - help-text
- spellings:
  - --commandprofile
  value_name: String
  value_kind: Required
  group: 'Common options for lvm:'
  provenance:
    sources:
    - help-text
- spellings:
  - --config
  value_name: String
  value_kind: Required
  group: 'Common options for lvm:'
  provenance:
    sources:
    - help-text
- spellings:
  - --driverloaded
  value_name: y|n
  value_kind: Required
  choices:
  - y
  - n
  group: 'Common options for lvm:'
  provenance:
    sources:
    - help-text
- spellings:
  - --nolocking
  group: 'Common options for lvm:'
  provenance:
    sources:
    - help-text
- spellings:
  - --lockopt
  value_name: String
  value_kind: Required
  group: 'Common options for lvm:'
  provenance:
    sources:
    - help-text
- spellings:
  - --longhelp
  group: 'Common options for lvm:'
  provenance:
    sources:
    - help-text
- spellings:
  - --profile
  value_name: String
  value_kind: Required
  group: 'Common options for lvm:'
  provenance:
    sources:
    - help-text
- spellings:
  - --version
  group: 'Common options for lvm:'
  provenance:
    sources:
    - help-text
- spellings:
  - --devicesfile
  value_name: String
  value_kind: Required
  group: 'Common options for lvm:'
  provenance:
    sources:
    - help-text
- spellings:
  - --devices
  value_name: PV
  value_kind: Required
  group: 'Common options for lvm:'
  provenance:
    sources:
    - help-text
- spellings:
  - --nohints
  group: 'Common options for lvm:'
  provenance:
    sources:
    - help-text
- spellings:
  - --journal
  value_name: String
  value_kind: Required
  group: 'Common options for lvm:'
  provenance:
    sources:
    - help-text
- spellings:
  - -A
  - --autobackup
  value_name: y|n
  value_kind: Required
  choices:
  - y
  - n
  provenance:
    sources:
    - help-text-synopsis
- spellings:
  - -f
  - --force
  provenance:
    sources:
    - help-text-synopsis
- spellings:
  - -Z
  - --zero
  value_name: y|n
  value_kind: Required
  choices:
  - y
  - n
  provenance:
    sources:
    - help-text-synopsis
- spellings:
  - -M
  - --metadatatype
  value_name: lvm2
  value_kind: Required
  provenance:
    sources:
    - help-text-synopsis
- spellings:
  - --labelsector
  value_name: Number
  value_kind: Required
  provenance:
    sources:
    - help-text-synopsis
- spellings:
  - --metadatasize
  value_name: Size[m|UNIT]
  value_kind: Required
  provenance:
    sources:
    - help-text-synopsis
- spellings:
  - --pvmetadatacopies
  value_name: 0|1|2
  value_kind: Required
  choices:
  - '0'
  - '1'
  - '2'
  provenance:
    sources:
    - help-text-synopsis
- spellings:
  - --metadataignore
  value_name: y|n
  value_kind: Required
  choices:
  - y
  - n
  provenance:
    sources:
    - help-text-synopsis
- spellings:
  - --dataalignment
  value_name: Size[k|UNIT]
  value_kind: Required
  provenance:
    sources:
    - help-text-synopsis
- spellings:
  - --dataalignmentoffset
  value_name: Size[k|UNIT]
  value_kind: Required
  provenance:
    sources:
    - help-text-synopsis
- spellings:
  - --reportformat
  value_name: basic|json
  value_kind: Required
  choices:
  - basic
  - json
  provenance:
    sources:
    - help-text-synopsis
- spellings:
  - --restoremissing
  provenance:
    sources:
    - help-text-synopsis
provenance:
  sources:
  - help-text
  confidence: 0.5
children_filled: true
