name: resolvconf
description: 'This is a compatibility alias for the resolvectl(1) tool, providing native command line compatibility with the resolvconf(8) tool of various Linux distributions and BSD systems. Some options supported by other implementations are not supported and are ignored: -m, -p, -u. Various options supported by other implementations are not supported and will cause the invocation to fail: -I, -i, -l, -R, -r, -v, -V, --enable-updates, --disable-updates, --updates-are-enabled.'
usage:
- resolvconf -a INTERFACE < FILE
- resolvconf -d INTERFACE
positionals:
- name: FILE
  required: true
  provenance:
    sources:
    - help-text
flags:
- spellings:
  - -h
  - --help
  description: Show this help
  provenance:
    sources:
    - help-text
- spellings:
  - --version
  description: Show package version
  provenance:
    sources:
    - help-text
- spellings:
  - -a
  description: Register per-interface DNS server and domain data
  provenance:
    sources:
    - help-text
- spellings:
  - -d
  description: Unregister per-interface DNS server and domain data
  provenance:
    sources:
    - help-text
- spellings:
  - -f
  description: Ignore if specified interface does not exist
  provenance:
    sources:
    - help-text
- spellings:
  - -x
  description: Send DNS traffic preferably over this interface
  provenance:
    sources:
    - help-text
provenance:
  sources:
  - help-text
  confidence: 0.5
children_filled: true
