name: nfsidmap
usage:
- 'nfsidmap: Usage: nfsidmap [-vh] [-c || [-u|-g|-r key] || -d || -l || [-t timeout] key desc]'
flags:
- short: 'v'
  value_name: h
  value_kind: Required
  provenance:
    sources:
    - help-text-synopsis
- short: 'c'
  provenance:
    sources:
    - help-text-synopsis
- short: 'd'
  provenance:
    sources:
    - help-text-synopsis
- short: 'l'
  provenance:
    sources:
    - help-text-synopsis
provenance:
  sources:
  - help-text
  confidence: 0.5
children_filled: true
