name: nfsidmap
usage:
- 'nfsidmap: Usage: nfsidmap [-vh] [-c || [-u|-g|-r key] || -d || -l || [-t timeout] key desc]'
flags:
- spellings:
  - -v
  value_name: h
  value_kind: Required
  provenance:
    sources:
    - help-text-synopsis
- spellings:
  - -c
  provenance:
    sources:
    - help-text-synopsis
- spellings:
  - -d
  provenance:
    sources:
    - help-text-synopsis
- spellings:
  - -l
  provenance:
    sources:
    - help-text-synopsis
provenance:
  sources:
  - help-text
  confidence: 0.5
children_filled: true
