name: wpa_supplicant
description: This software may be distributed under the terms of the BSD license. See README for more details. This product includes software developed by the OpenSSL Project for use in the OpenSSL Toolkit (http://www.openssl.org/)
usage:
- 'usage:'
- wpa_supplicant [-BddhKLqqstuvW] [-P<pid file>] [-g<global ctrl>] \ [-G<group>] \
flags:
- short: 'i'
  value_name: <ifname>
  value_kind: Required
  description: -c<config file> [-C<ctrl>] [-D<driver>] [-p<driver_param>] \
  provenance:
    sources:
    - help-text
- short: 'b'
  description: optional bridge interface name
  provenance:
    sources:
    - help-text
- short: 'B'
  description: run daemon in the background
  provenance:
    sources:
    - help-text
- short: 'c'
  description: Configuration file
  provenance:
    sources:
    - help-text
- short: 'C'
  description: ctrl_interface parameter (only used if -c is not)
  provenance:
    sources:
    - help-text
- short: 'd'
  description: increase debugging verbosity (-dd even more)
  provenance:
    sources:
    - help-text
- short: 'D'
  description: 'driver name (can be multiple drivers: nl80211,wext)'
  provenance:
    sources:
    - help-text
- short: 'e'
  description: entropy file
  provenance:
    sources:
    - help-text
- short: 'f'
  description: log output to debug file instead of stdout
  provenance:
    sources:
    - help-text
- short: 'g'
  description: global ctrl_interface
  provenance:
    sources:
    - help-text
- short: 'G'
  description: global ctrl_interface group
  provenance:
    sources:
    - help-text
- short: 'h'
  description: show this help text
  provenance:
    sources:
    - help-text
- short: 'i'
  description: interface name
  provenance:
    sources:
    - help-text
- short: 'I'
  description: additional configuration file
  provenance:
    sources:
    - help-text
- short: 'K'
  description: include keys (passwords, etc.) in debug output
  provenance:
    sources:
    - help-text
- short: 'L'
  description: show license (BSD)
  provenance:
    sources:
    - help-text
- short: 'm'
  description: Configuration file for the P2P Device interface
  provenance:
    sources:
    - help-text
- short: 'N'
  description: start describing new interface
  provenance:
    sources:
    - help-text
- short: 'o'
  description: override driver parameter for new interfaces
  provenance:
    sources:
    - help-text
- short: 'O'
  description: override ctrl_interface parameter for new interfaces
  provenance:
    sources:
    - help-text
- short: 'p'
  description: driver parameters
  provenance:
    sources:
    - help-text
- short: 'P'
  description: PID file
  provenance:
    sources:
    - help-text
- short: 'q'
  description: decrease debugging verbosity (-qq even less)
  provenance:
    sources:
    - help-text
- short: 's'
  description: log output to syslog instead of stdout
  provenance:
    sources:
    - help-text
- short: 't'
  description: include timestamp in debug messages
  provenance:
    sources:
    - help-text
- short: 'T'
  description: record to Linux tracing in addition to logging (records all messages regardless of debug verbosity)
  provenance:
    sources:
    - help-text
- short: 'u'
  description: enable DBus control interface
  provenance:
    sources:
    - help-text
- short: 'v'
  description: show version
  provenance:
    sources:
    - help-text
- short: 'W'
  description: wait for a control interface monitor before starting
  provenance:
    sources:
    - help-text
provenance:
  sources:
  - help-text
  confidence: 0.5
children_filled: true
