name: pptpsetup
usage:
- pptpsetup --create <TUNNEL> --server <SERVER> [--domain <DOMAIN>] --username <USERNAME> [--password <PASSWORD>] [--encrypt] [--start]
- pptpsetup --delete <TUNNEL>
flags:
- spellings:
  - --create
  value_name: <TUNNEL>
  value_kind: Required
  provenance:
    sources:
    - help-text-synopsis
- spellings:
  - --server
  value_name: <SERVER>
  value_kind: Required
  provenance:
    sources:
    - help-text-synopsis
- spellings:
  - --domain
  value_name: <DOMAIN>
  value_kind: Required
  provenance:
    sources:
    - help-text-synopsis
- spellings:
  - --username
  value_name: <USERNAME>
  value_kind: Required
  provenance:
    sources:
    - help-text-synopsis
- spellings:
  - --password
  value_name: <PASSWORD>
  value_kind: Required
  provenance:
    sources:
    - help-text-synopsis
- spellings:
  - --encrypt
  provenance:
    sources:
    - help-text-synopsis
- spellings:
  - --start
  provenance:
    sources:
    - help-text-synopsis
- spellings:
  - --delete
  value_name: <TUNNEL>
  value_kind: Required
  provenance:
    sources:
    - help-text-synopsis
provenance:
  sources:
  - help-text
  confidence: 0.5
children_filled: true
