name: eqn
usage:
- 'usage: /usr/bin/eqn [-CNrR] [-d xy] [-f font] [-m n] [-M dir] [-p n] [-s n] [-T name] [file ...]'
- 'usage: /usr/bin/eqn {-v | --version}'
- 'usage: /usr/bin/eqn --help'
flags:
- spellings:
  - -C
  provenance:
    sources:
    - help-text-synopsis
- spellings:
  - -N
  provenance:
    sources:
    - help-text-synopsis
- spellings:
  - -r
  provenance:
    sources:
    - help-text-synopsis
- spellings:
  - -R
  provenance:
    sources:
    - help-text-synopsis
- spellings:
  - -d
  value_name: xy
  value_kind: Required
  provenance:
    sources:
    - help-text-synopsis
- spellings:
  - -f
  value_name: font
  value_kind: Required
  provenance:
    sources:
    - help-text-synopsis
- spellings:
  - -m
  value_name: n
  value_kind: Required
  provenance:
    sources:
    - help-text-synopsis
- spellings:
  - -M
  value_name: dir
  value_kind: Required
  provenance:
    sources:
    - help-text-synopsis
- spellings:
  - -p
  value_name: n
  value_kind: Required
  provenance:
    sources:
    - help-text-synopsis
- spellings:
  - -s
  value_name: n
  value_kind: Required
  provenance:
    sources:
    - help-text-synopsis
- spellings:
  - -T
  value_name: name
  value_kind: Required
  provenance:
    sources:
    - help-text-synopsis
- spellings:
  - -v
  - --version
  provenance:
    sources:
    - help-text-synopsis
- spellings:
  - --help
  provenance:
    sources:
    - help-text-synopsis
provenance:
  sources:
  - help-text
  confidence: 0.5
children_filled: true
