name: cache_restore
description: 'Options:'
usage:
- 'Usage: cache_restore [options]'
flags:
- short: 'h'
  long: help
  provenance:
    sources:
    - help-text
- short: 'i'
  long: input
  value_name: <input xml file>
  value_kind: Required
  provenance:
    sources:
    - help-text
- short: 'o'
  long: output
  value_name: <output device or file>
  value_kind: Required
  provenance:
    sources:
    - help-text
- short: 'q'
  long: quiet
  provenance:
    sources:
    - help-text
- long: metadata-version
  value_name: <1 or 2>
  value_kind: Required
  provenance:
    sources:
    - help-text
- short: 'V'
  long: version
  provenance:
    sources:
    - help-text
- long: debug-override-metadata-version
  value_name: <integer>
  value_kind: Required
  provenance:
    sources:
    - help-text
- long: omit-clean-shutdown
  provenance:
    sources:
    - help-text
provenance:
  sources:
  - help-text
  confidence: 0.5
children_filled: true
