name: xfs_io
usage:
- 'Usage: xfs_io [-adfinrRstVx] [-m mode] [-p prog] [[-c|-C] cmd]... file'
flags:
- spellings:
  - -a
  provenance:
    sources:
    - help-text-synopsis
- spellings:
  - -d
  provenance:
    sources:
    - help-text-synopsis
- spellings:
  - -f
  provenance:
    sources:
    - help-text-synopsis
- spellings:
  - -i
  provenance:
    sources:
    - help-text-synopsis
- spellings:
  - -n
  provenance:
    sources:
    - help-text-synopsis
- spellings:
  - -r
  provenance:
    sources:
    - help-text-synopsis
- spellings:
  - -R
  provenance:
    sources:
    - help-text-synopsis
- spellings:
  - -s
  provenance:
    sources:
    - help-text-synopsis
- spellings:
  - -t
  provenance:
    sources:
    - help-text-synopsis
- spellings:
  - -V
  provenance:
    sources:
    - help-text-synopsis
- spellings:
  - -x
  provenance:
    sources:
    - help-text-synopsis
- spellings:
  - -m
  value_name: mode
  value_kind: Required
  provenance:
    sources:
    - help-text-synopsis
- spellings:
  - -p
  value_name: prog
  value_kind: Required
  provenance:
    sources:
    - help-text-synopsis
- spellings:
  - -c
  value_name: cmd
  value_kind: Required
  provenance:
    sources:
    - help-text-synopsis
- spellings:
  - -C
  value_name: cmd
  value_kind: Required
  provenance:
    sources:
    - help-text-synopsis
provenance:
  sources:
  - help-text
  confidence: 0.5
children_filled: true
