name: tcpdump
description: tcpdump version 4.99.4 libpcap version 1.10.4 (with TPACKET_V3) OpenSSL 3.0.13 30 Jan 2024
usage:
- 'Usage: tcpdump [-AbdDefhHIJKlLnNOpqStuUvxX#] [ -B size ] [ -c count ] [--count] [ -C file_size ] [ -E algo:secret ] [ -F file ] [ -G seconds ] [ -i interface ] [ --immediate-mode ] [ -j tstamptype ] [ -M secret ] [ --number ] [ --print ] [ -Q in|out|inout ] [ -r file ] [ -s snaplen ] [ -T type ] [ --version ] [ -V file ] [ -w file ] [ -W filecount ] [ -y datalinktype ] [ --time-stamp-precision precision ] [ --micro ] [ --nano ] [ -z postrotate-command ] [ -Z user ] [ expression ]'
flags:
- spellings:
  - -A
  provenance:
    sources:
    - help-text-synopsis
- spellings:
  - -b
  provenance:
    sources:
    - help-text-synopsis
- spellings:
  - -d
  provenance:
    sources:
    - help-text-synopsis
- spellings:
  - -D
  provenance:
    sources:
    - help-text-synopsis
- spellings:
  - -e
  provenance:
    sources:
    - help-text-synopsis
- spellings:
  - -f
  provenance:
    sources:
    - help-text-synopsis
- spellings:
  - -h
  provenance:
    sources:
    - help-text-synopsis
- spellings:
  - -H
  provenance:
    sources:
    - help-text-synopsis
- spellings:
  - -I
  provenance:
    sources:
    - help-text-synopsis
- spellings:
  - -J
  provenance:
    sources:
    - help-text-synopsis
- spellings:
  - -K
  provenance:
    sources:
    - help-text-synopsis
- spellings:
  - -l
  provenance:
    sources:
    - help-text-synopsis
- spellings:
  - -L
  provenance:
    sources:
    - help-text-synopsis
- spellings:
  - -n
  provenance:
    sources:
    - help-text-synopsis
- spellings:
  - -N
  provenance:
    sources:
    - help-text-synopsis
- spellings:
  - -O
  provenance:
    sources:
    - help-text-synopsis
- spellings:
  - -p
  provenance:
    sources:
    - help-text-synopsis
- spellings:
  - -q
  provenance:
    sources:
    - help-text-synopsis
- spellings:
  - -S
  provenance:
    sources:
    - help-text-synopsis
- spellings:
  - -t
  provenance:
    sources:
    - help-text-synopsis
- spellings:
  - -u
  provenance:
    sources:
    - help-text-synopsis
- spellings:
  - -U
  provenance:
    sources:
    - help-text-synopsis
- spellings:
  - -v
  provenance:
    sources:
    - help-text-synopsis
- spellings:
  - -x
  provenance:
    sources:
    - help-text-synopsis
- spellings:
  - -X
  provenance:
    sources:
    - help-text-synopsis
- spellings:
  - -#
  provenance:
    sources:
    - help-text-synopsis
- spellings:
  - -B
  value_name: size
  value_kind: Required
  provenance:
    sources:
    - help-text-synopsis
- spellings:
  - -c
  value_name: count
  value_kind: Required
  provenance:
    sources:
    - help-text-synopsis
- spellings:
  - --count
  provenance:
    sources:
    - help-text-synopsis
- spellings:
  - -C
  value_name: file_size
  value_kind: Required
  provenance:
    sources:
    - help-text-synopsis
- spellings:
  - -E
  value_name: algo:secret
  value_kind: Required
  provenance:
    sources:
    - help-text-synopsis
- spellings:
  - -F
  value_name: file
  value_kind: Required
  provenance:
    sources:
    - help-text-synopsis
- spellings:
  - -G
  value_name: seconds
  value_kind: Required
  provenance:
    sources:
    - help-text-synopsis
- spellings:
  - -i
  value_name: interface
  value_kind: Required
  provenance:
    sources:
    - help-text-synopsis
- spellings:
  - --immediate-mode
  provenance:
    sources:
    - help-text-synopsis
- spellings:
  - -j
  value_name: tstamptype
  value_kind: Required
  provenance:
    sources:
    - help-text-synopsis
- spellings:
  - -M
  value_name: secret
  value_kind: Required
  provenance:
    sources:
    - help-text-synopsis
- spellings:
  - --number
  provenance:
    sources:
    - help-text-synopsis
- spellings:
  - --print
  provenance:
    sources:
    - help-text-synopsis
- spellings:
  - -Q
  value_name: in
  value_kind: Required
  provenance:
    sources:
    - help-text-synopsis
- spellings:
  - -r
  value_name: file
  value_kind: Required
  provenance:
    sources:
    - help-text-synopsis
- spellings:
  - -s
  value_name: snaplen
  value_kind: Required
  provenance:
    sources:
    - help-text-synopsis
- spellings:
  - -T
  value_name: type
  value_kind: Required
  provenance:
    sources:
    - help-text-synopsis
- spellings:
  - --version
  provenance:
    sources:
    - help-text-synopsis
- spellings:
  - -V
  value_name: file
  value_kind: Required
  provenance:
    sources:
    - help-text-synopsis
- spellings:
  - -w
  value_name: file
  value_kind: Required
  provenance:
    sources:
    - help-text-synopsis
- spellings:
  - -W
  value_name: filecount
  value_kind: Required
  provenance:
    sources:
    - help-text-synopsis
- spellings:
  - -y
  value_name: datalinktype
  value_kind: Required
  provenance:
    sources:
    - help-text-synopsis
- spellings:
  - --time-stamp-precision
  value_name: precision
  value_kind: Required
  provenance:
    sources:
    - help-text-synopsis
- spellings:
  - --micro
  provenance:
    sources:
    - help-text-synopsis
- spellings:
  - --nano
  provenance:
    sources:
    - help-text-synopsis
- spellings:
  - -z
  value_name: postrotate-command
  value_kind: Required
  provenance:
    sources:
    - help-text-synopsis
- spellings:
  - -Z
  value_name: user
  value_kind: Required
  provenance:
    sources:
    - help-text-synopsis
provenance:
  sources:
  - help-text
  confidence: 0.5
children_filled: true
