name: tmux
usage:
- 'usage: tmux [-2CDlNuVv] [-c shell-command] [-f file] [-L socket-name] [-S socket-path] [-T features] [command [flags]]'
flags:
- spellings:
  - '-2'
  provenance:
    sources:
    - help-text-synopsis
- spellings:
  - -C
  provenance:
    sources:
    - help-text-synopsis
- spellings:
  - -D
  provenance:
    sources:
    - help-text-synopsis
- spellings:
  - -l
  provenance:
    sources:
    - help-text-synopsis
- spellings:
  - -N
  provenance:
    sources:
    - help-text-synopsis
- spellings:
  - -u
  provenance:
    sources:
    - help-text-synopsis
- spellings:
  - -V
  provenance:
    sources:
    - help-text-synopsis
- spellings:
  - -v
  provenance:
    sources:
    - help-text-synopsis
- spellings:
  - -c
  value_name: shell-command
  value_kind: Required
  provenance:
    sources:
    - help-text-synopsis
- spellings:
  - -f
  value_name: file
  value_kind: Required
  provenance:
    sources:
    - help-text-synopsis
- spellings:
  - -L
  value_name: socket-name
  value_kind: Required
  provenance:
    sources:
    - help-text-synopsis
- spellings:
  - -S
  value_name: socket-path
  value_kind: Required
  provenance:
    sources:
    - help-text-synopsis
- spellings:
  - -T
  value_name: features
  value_kind: Required
  provenance:
    sources:
    - help-text-synopsis
detected_framework: BSD-terse
provenance:
  sources:
  - help-text
  confidence: 0.5
children_filled: true
