name: vdpa
usage:
- 'Usage: vdpa [ OPTIONS ] OBJECT { COMMAND | help }'
positionals:
- name: OBJECT
  required: true
  provenance:
    sources:
    - help-text
- name: COMMAND
  required: true
  provenance:
    sources:
    - help-text
flags:
- spellings:
  - -V
  provenance:
    sources:
    - help-text
- spellings:
  - -n
  provenance:
    sources:
    - help-text
- spellings:
  - -j
  provenance:
    sources:
    - help-text
- spellings:
  - -p
  provenance:
    sources:
    - help-text
provenance:
  sources:
  - help-text
  confidence: 0.5
children_filled: true
