name: pvscan
usage:
- pvscan [ -e|--exported ] [ -n|--novolumegroup ] [ -s|--short ] [ -u|--uuid ] [    --ignorelockingfailure ] [    --reportformat basic|json ] [ COMMON_OPTIONS ]
- pvscan --cache [ -j|--major Number ] [    --ignorelockingfailure ] [    --reportformat basic|json ] [    --minor Number ] [    --noudevsync ] [ COMMON_OPTIONS ] [ String|PV ... ]
- pvscan --cache -a|--activate ay [ -j|--major Number ] [    --ignorelockingfailure ] [    --reportformat basic|json ] [    --minor Number ] [    --noudevsync ] [    --autoactivation String ] [ COMMON_OPTIONS ] [ String|PV ... ]
- pvscan --cache --listvg PV [    --ignorelockingfailure ] [    --checkcomplete ] [    --vgonline ] [    --udevoutput ] [    --autoactivation String ] [ COMMON_OPTIONS ]
- pvscan --cache --listlvs PV [    --ignorelockingfailure ] [    --checkcomplete ] [    --vgonline ] [ COMMON_OPTIONS ]
- pvscan --listlvs PV [ COMMON_OPTIONS ]
- pvscan --listvg PV [ COMMON_OPTIONS ]
positionals:
- name: COMMON_OPTIONS
  required: true
  provenance:
    sources:
    - help-text
flags:
- short: 'd'
  long: debug
  group: 'Common options for lvm:'
  provenance:
    sources:
    - help-text
- short: 'h'
  long: help
  group: 'Common options for lvm:'
  provenance:
    sources:
    - help-text
- short: 'q'
  long: quiet
  group: 'Common options for lvm:'
  provenance:
    sources:
    - help-text
- short: 'v'
  long: verbose
  group: 'Common options for lvm:'
  provenance:
    sources:
    - help-text
- short: 'y'
  long: yes
  group: 'Common options for lvm:'
  provenance:
    sources:
    - help-text
- short: 't'
  long: test
  group: 'Common options for lvm:'
  provenance:
    sources:
    - help-text
- long: commandprofile
  value_name: String
  value_kind: Required
  group: 'Common options for lvm:'
  provenance:
    sources:
    - help-text
- long: config
  value_name: String
  value_kind: Required
  group: 'Common options for lvm:'
  provenance:
    sources:
    - help-text
- long: driverloaded
  value_name: y|n
  value_kind: Required
  group: 'Common options for lvm:'
  provenance:
    sources:
    - help-text
- long: nolocking
  group: 'Common options for lvm:'
  provenance:
    sources:
    - help-text
- long: lockopt
  value_name: String
  value_kind: Required
  group: 'Common options for lvm:'
  provenance:
    sources:
    - help-text
- long: longhelp
  group: 'Common options for lvm:'
  provenance:
    sources:
    - help-text
- long: profile
  value_name: String
  value_kind: Required
  group: 'Common options for lvm:'
  provenance:
    sources:
    - help-text
- long: version
  group: 'Common options for lvm:'
  provenance:
    sources:
    - help-text
- long: devicesfile
  value_name: String
  value_kind: Required
  group: 'Common options for lvm:'
  provenance:
    sources:
    - help-text
- long: devices
  value_name: PV
  value_kind: Required
  group: 'Common options for lvm:'
  provenance:
    sources:
    - help-text
- long: nohints
  group: 'Common options for lvm:'
  provenance:
    sources:
    - help-text
- long: journal
  value_name: String
  value_kind: Required
  group: 'Common options for lvm:'
  provenance:
    sources:
    - help-text
- short: 'e'
  long: exported
  provenance:
    sources:
    - help-text-synopsis
- short: 'n'
  long: novolumegroup
  provenance:
    sources:
    - help-text-synopsis
- short: 's'
  long: short
  provenance:
    sources:
    - help-text-synopsis
- short: 'u'
  long: uuid
  provenance:
    sources:
    - help-text-synopsis
- long: ignorelockingfailure
  provenance:
    sources:
    - help-text-synopsis
- long: reportformat
  value_name: basic|json
  value_kind: Required
  provenance:
    sources:
    - help-text-synopsis
- long: cache
  provenance:
    sources:
    - help-text-synopsis
- short: 'j'
  long: major
  value_name: Number
  value_kind: Required
  provenance:
    sources:
    - help-text-synopsis
- long: minor
  value_name: Number
  value_kind: Required
  provenance:
    sources:
    - help-text-synopsis
- long: noudevsync
  provenance:
    sources:
    - help-text-synopsis
- short: 'a'
  long: activate
  value_name: ay
  value_kind: Required
  provenance:
    sources:
    - help-text-synopsis
- long: autoactivation
  value_name: String
  value_kind: Required
  provenance:
    sources:
    - help-text-synopsis
- long: listvg
  value_name: PV
  value_kind: Required
  provenance:
    sources:
    - help-text-synopsis
- long: checkcomplete
  provenance:
    sources:
    - help-text-synopsis
- long: vgonline
  provenance:
    sources:
    - help-text-synopsis
- long: udevoutput
  provenance:
    sources:
    - help-text-synopsis
- long: listlvs
  value_name: PV
  value_kind: Required
  provenance:
    sources:
    - help-text-synopsis
provenance:
  sources:
  - help-text
  confidence: 0.5
children_filled: true
