name: ffmpeg
description: Hyper fast Audio and Video encoder
usage:
- 'usage: ffmpeg [options] [[infile options] -i infile]... {[outfile options] outfile}...'
flags:
- spellings:
  - -h
  group: 'Getting help:'
  description: -- print basic options
  provenance:
    sources:
    - help-text
- spellings:
  - -h
  value_name: long
  value_kind: Required
  group: 'Getting help:'
  provenance:
    sources:
    - help-text
- spellings:
  - -h
  value_name: full
  value_kind: Required
  group: 'Getting help:'
  provenance:
    sources:
    - help-text
- spellings:
  - -h
  value_name: type=name
  value_kind: Required
  group: 'Getting help:'
  provenance:
    sources:
    - help-text
- spellings:
  - -L
  description: show license
  provenance:
    sources:
    - help-text
- spellings:
  - -h
  - --help
  value_name: topic
  value_kind: Required
  description: show help
  provenance:
    sources:
    - help-text
- spellings:
  - -?
  value_name: topic
  value_kind: Required
  description: show help
  provenance:
    sources:
    - help-text
- spellings:
  - -help
  description: show help
  provenance:
    sources:
    - help-text
- spellings:
  - -version
  description: show version
  provenance:
    sources:
    - help-text
- spellings:
  - -buildconf
  description: show build configuration
  provenance:
    sources:
    - help-text
- spellings:
  - -formats
  description: show available formats
  provenance:
    sources:
    - help-text
- spellings:
  - -muxers
  description: show available muxers
  provenance:
    sources:
    - help-text
- spellings:
  - -demuxers
  description: show available demuxers
  provenance:
    sources:
    - help-text
- spellings:
  - -devices
  description: show available devices
  provenance:
    sources:
    - help-text
- spellings:
  - -codecs
  description: show available codecs
  provenance:
    sources:
    - help-text
- spellings:
  - -decoders
  description: show available decoders
  provenance:
    sources:
    - help-text
- spellings:
  - -encoders
  description: show available encoders
  provenance:
    sources:
    - help-text
- spellings:
  - -bsfs
  description: show available bit stream filters
  provenance:
    sources:
    - help-text
- spellings:
  - -protocols
  description: show available protocols
  provenance:
    sources:
    - help-text
- spellings:
  - -filters
  description: show available filters
  provenance:
    sources:
    - help-text
- spellings:
  - -pix_fmts
  description: show available pixel formats
  provenance:
    sources:
    - help-text
- spellings:
  - -layouts
  description: show standard channel layouts
  provenance:
    sources:
    - help-text
- spellings:
  - -sample_fmts
  description: show available audio sample formats
  provenance:
    sources:
    - help-text
- spellings:
  - -dispositions
  description: show available stream dispositions
  provenance:
    sources:
    - help-text
- spellings:
  - -colors
  description: show available color names
  provenance:
    sources:
    - help-text
- spellings:
  - -sources
  description: list sources of the input device
  provenance:
    sources:
    - help-text
- spellings:
  - -sinks
  description: list sinks of the output device
  provenance:
    sources:
    - help-text
- spellings:
  - -hwaccels
  description: show available HW acceleration methods
  provenance:
    sources:
    - help-text
- spellings:
  - -loglevel
  description: set logging level
  provenance:
    sources:
    - help-text
- spellings:
  - -v
  value_name: loglevel
  value_kind: Required
  description: set logging level
  provenance:
    sources:
    - help-text
- spellings:
  - -report
  description: generate a report
  provenance:
    sources:
    - help-text
- spellings:
  - -max_alloc
  description: set maximum size of a single allocated block
  provenance:
    sources:
    - help-text
- spellings:
  - -y
  description: overwrite output files
  provenance:
    sources:
    - help-text
- spellings:
  - -n
  description: never overwrite output files
  provenance:
    sources:
    - help-text
- spellings:
  - -ignore_unknown
  description: Ignore unknown stream types
  provenance:
    sources:
    - help-text
- spellings:
  - -filter_threads
  description: number of non-complex filter threads
  provenance:
    sources:
    - help-text
- spellings:
  - -filter_complex_threads
  description: number of threads for -filter_complex
  provenance:
    sources:
    - help-text
- spellings:
  - -stats
  description: print progress report during encoding
  provenance:
    sources:
    - help-text
- spellings:
  - -max_error_rate
  description: 'ratio of decoding errors (0.0: no errors, 1.0: 100% errors) above which ffmpeg returns an error instead of success.'
  provenance:
    sources:
    - help-text
- spellings:
  - -f
  value_name: fmt
  value_kind: Required
  description: force format
  provenance:
    sources:
    - help-text
- spellings:
  - -c
  value_name: codec
  value_kind: Required
  description: codec name
  provenance:
    sources:
    - help-text
- spellings:
  - -codec
  description: codec name
  provenance:
    sources:
    - help-text
- spellings:
  - -pre
  description: preset name
  provenance:
    sources:
    - help-text
- spellings:
  - -map_metadata
  description: set metadata information of outfile from infile
  provenance:
    sources:
    - help-text
- spellings:
  - -t
  value_name: duration
  value_kind: Required
  description: record or transcode "duration" seconds of audio/video
  provenance:
    sources:
    - help-text
- spellings:
  - -t
  value_name: o
  value_kind: Required
  description: record or transcode stop time
  provenance:
    sources:
    - help-text
- spellings:
  - -f
  value_name: s
  value_kind: Required
  description: set the limit file size in bytes
  provenance:
    sources:
    - help-text
- spellings:
  - -s
  value_name: s
  value_kind: Required
  description: set the start time offset
  provenance:
    sources:
    - help-text
- spellings:
  - -sseof
  description: set the start time offset relative to EOF
  provenance:
    sources:
    - help-text
- spellings:
  - -seek_timestamp
  description: enable/disable seeking by timestamp with -ss
  provenance:
    sources:
    - help-text
- spellings:
  - -timestamp
  description: set the recording timestamp ('now' to set the current time)
  provenance:
    sources:
    - help-text
- spellings:
  - -metadata
  description: add metadata
  provenance:
    sources:
    - help-text
- spellings:
  - -program
  description: add program with specified streams
  provenance:
    sources:
    - help-text
- spellings:
  - -target
  description: specify target file type ("vcd", "svcd", "dvd", "dv" or "dv50" with optional prefixes "pal-", "ntsc-" or "film-")
  provenance:
    sources:
    - help-text
- spellings:
  - -apad
  description: audio pad
  provenance:
    sources:
    - help-text
- spellings:
  - -frames
  description: set the number of frames to output
  provenance:
    sources:
    - help-text
- spellings:
  - -filter
  description: set stream filtergraph
  provenance:
    sources:
    - help-text
- spellings:
  - -filter_script
  description: read stream filtergraph description from a file
  provenance:
    sources:
    - help-text
- spellings:
  - -reinit_filter
  description: reinit filtergraph on input parameter changes
  provenance:
    sources:
    - help-text
- spellings:
  - -discard
  description: discard
  provenance:
    sources:
    - help-text
- spellings:
  - -disposition
  description: disposition
  provenance:
    sources:
    - help-text
- spellings:
  - -vframes
  description: set the number of video frames to output
  provenance:
    sources:
    - help-text
- spellings:
  - -r
  value_name: rate
  value_kind: Required
  description: set frame rate (Hz value, fraction or abbreviation)
  provenance:
    sources:
    - help-text
- spellings:
  - -fpsmax
  description: set max frame rate (Hz value, fraction or abbreviation)
  provenance:
    sources:
    - help-text
- spellings:
  - -s
  value_name: size
  value_kind: Required
  description: set frame size (WxH or abbreviation)
  provenance:
    sources:
    - help-text
- spellings:
  - -aspect
  description: set aspect ratio (4:3, 16:9 or 1.3333, 1.7777)
  provenance:
    sources:
    - help-text
- spellings:
  - -display_rotation
  description: set pure counter-clockwise rotation in degrees for stream(s)
  provenance:
    sources:
    - help-text
- spellings:
  - -display_hflip
  description: set display horizontal flip for stream(s) (overrides any display rotation if it is not set)
  provenance:
    sources:
    - help-text
- spellings:
  - -display_vflip
  description: set display vertical flip for stream(s) (overrides any display rotation if it is not set)
  provenance:
    sources:
    - help-text
- spellings:
  - -v
  value_name: n
  value_kind: Required
  description: disable video
  provenance:
    sources:
    - help-text
- spellings:
  - -vcodec
  description: force video codec ('copy' to copy stream)
  provenance:
    sources:
    - help-text
- spellings:
  - -timecode
  description: set initial TimeCode value.
  provenance:
    sources:
    - help-text
- spellings:
  - -pass
  description: select the pass number (1 to 3)
  provenance:
    sources:
    - help-text
- spellings:
  - -v
  value_name: f
  value_kind: Required
  description: set video filters
  provenance:
    sources:
    - help-text
- spellings:
  - -b
  value_name: bitrate
  value_kind: Required
  description: video bitrate (please use -b:v)
  provenance:
    sources:
    - help-text
- spellings:
  - -d
  value_name: n
  value_kind: Required
  description: disable data
  provenance:
    sources:
    - help-text
- spellings:
  - -aframes
  description: set the number of audio frames to output
  provenance:
    sources:
    - help-text
- spellings:
  - -a
  value_name: q
  value_kind: Required
  description: set audio quality (codec-specific)
  provenance:
    sources:
    - help-text
- spellings:
  - -a
  value_name: r
  value_kind: Required
  description: set audio sampling rate (in Hz)
  provenance:
    sources:
    - help-text
- spellings:
  - -a
  value_name: c
  value_kind: Required
  description: set number of audio channels
  provenance:
    sources:
    - help-text
- spellings:
  - -a
  value_name: n
  value_kind: Required
  description: disable audio
  provenance:
    sources:
    - help-text
- spellings:
  - -acodec
  description: force audio codec ('copy' to copy stream)
  provenance:
    sources:
    - help-text
- spellings:
  - -a
  value_name: b
  value_kind: Required
  description: audio bitrate (please use -b:a)
  provenance:
    sources:
    - help-text
- spellings:
  - -a
  value_name: f
  value_kind: Required
  description: set audio filters
  provenance:
    sources:
    - help-text
- spellings:
  - -s
  value_name: size
  value_kind: Required
  description: set frame size (WxH or abbreviation)
  provenance:
    sources:
    - help-text
- spellings:
  - -s
  value_name: n
  value_kind: Required
  description: disable subtitle
  provenance:
    sources:
    - help-text
- spellings:
  - -scodec
  description: force subtitle codec ('copy' to copy stream)
  provenance:
    sources:
    - help-text
- spellings:
  - -stag
  description: force subtitle tag/fourcc
  provenance:
    sources:
    - help-text
- spellings:
  - -fix_sub_duration
  description: fix subtitles duration
  provenance:
    sources:
    - help-text
- spellings:
  - -canvas_size
  description: set canvas size (WxH or abbreviation)
  provenance:
    sources:
    - help-text
- spellings:
  - -spre
  description: set the subtitle options to the indicated preset
  provenance:
    sources:
    - help-text
provenance:
  sources:
  - help-text
  confidence: 0.5
children_filled: true
confession:
  word: long
  flag: -h
  followed: false
