name: systemd-creds
usage:
- systemd-creds [OPTIONS...] COMMAND ...
positionals:
- name: COMMAND
  required: true
  provenance:
    sources:
    - help-text
flags:
- spellings:
  - -h
  - --help
  description: Show this help
  provenance:
    sources:
    - help-text
- spellings:
  - --version
  description: Show package version
  provenance:
    sources:
    - help-text
- spellings:
  - --no-pager
  description: Do not pipe output into a pager
  provenance:
    sources:
    - help-text
- spellings:
  - --no-legend
  description: Do not show the headers and footers
  provenance:
    sources:
    - help-text
- spellings:
  - --json
  value_name: pretty|short|off
  value_kind: Required
  description: Generate JSON output
  provenance:
    sources:
    - help-text
- spellings:
  - --system
  description: Show credentials passed to system
  provenance:
    sources:
    - help-text
- spellings:
  - --transcode
  value_name: base64|unbase64|hex|unhex
  value_kind: Required
  description: Transcode credential data
  provenance:
    sources:
    - help-text
- spellings:
  - --newline
  value_name: auto|yes|no
  value_kind: Required
  description: Suffix output with newline
  provenance:
    sources:
    - help-text
- spellings:
  - -p
  - --pretty
  description: Output as SetCredentialEncrypted= line
  provenance:
    sources:
    - help-text
- spellings:
  - --name
  value_name: NAME
  value_kind: Required
  description: Override filename included in encrypted credential
  provenance:
    sources:
    - help-text
- spellings:
  - --timestamp
  value_name: TIME
  value_kind: Required
  description: Include specified timestamp in encrypted credential
  provenance:
    sources:
    - help-text
- spellings:
  - --not-after
  value_name: TIME
  value_kind: Required
  description: Include specified invalidation time in encrypted credential
  provenance:
    sources:
    - help-text
- spellings:
  - --with-key
  value_name: host|tpm2|host+tpm2|tpm2-absent|auto|auto-initrd
  value_kind: Required
  description: Which keys to encrypt with
  provenance:
    sources:
    - help-text
- spellings:
  - -H
  description: Shortcut for --with-key=host
  provenance:
    sources:
    - help-text
- spellings:
  - -T
  description: Shortcut for --with-key=tpm2
  provenance:
    sources:
    - help-text
- spellings:
  - --tpm2-device
  value_name: PATH
  value_kind: Required
  description: Pick TPM2 device
  provenance:
    sources:
    - help-text
- spellings:
  - --tpm2-pcrs
  value_name: PCR1+PCR2+PCR3+…
  value_kind: Required
  description: Specify TPM2 PCRs to seal against (fixed hash)
  provenance:
    sources:
    - help-text
- spellings:
  - --tpm2-public-key
  value_name: PATH
  value_kind: Required
  description: Specify PEM certificate to seal against
  provenance:
    sources:
    - help-text
- spellings:
  - --tpm2-public-key-pcrs
  value_name: PCR1+PCR2+PCR3+…
  value_kind: Required
  description: Specify TPM2 PCRs to seal against (public key)
  provenance:
    sources:
    - help-text
- spellings:
  - --tpm2-signature
  value_name: PATH
  value_kind: Required
  description: Specify signature for public key PCR policy
  provenance:
    sources:
    - help-text
- spellings:
  - -q
  - --quiet
  description: Suppress output for 'has-tpm2' verb
  provenance:
    sources:
    - help-text
provenance:
  sources:
  - help-text
  confidence: 0.5
children_filled: true
subcommands:
- name: list
  summary: Show installed and available versions
  group: 'Commands:'
  provenance:
    sources:
    - help-text
  heading_attested: true
- name: cat
  summary: Show specified credentials
  usage:
  - CREDENTIAL...
  group: 'Commands:'
  provenance:
    sources:
    - help-text
  heading_attested: true
- name: setup
  summary: Generate credentials host key, if not existing yet
  group: 'Commands:'
  provenance:
    sources:
    - help-text
  heading_attested: true
- name: encrypt
  summary: Encrypt plaintext credential file and write to ciphertext credential file
  usage:
  - INPUT OUTPUT
  group: 'Commands:'
  provenance:
    sources:
    - help-text
  heading_attested: true
- name: decrypt
  summary: Decrypt ciphertext credential file and write to plaintext credential file
  usage:
  - INPUT [OUTPUT]
  group: 'Commands:'
  provenance:
    sources:
    - help-text
  heading_attested: true
- name: has-tpm2
  summary: Report whether TPM2 support is available
  group: 'Commands:'
  provenance:
    sources:
    - help-text
  heading_attested: true
