name: tar
description: GNU 'tar' saves many files together into a single tape or disk archive, and can restore individual files from the archive.
usage:
- 'Usage: tar [OPTION...] [FILE]...'
positionals:
- name: FILE
  variadic: true
  provenance:
    sources:
    - help-text
flags:
- spellings:
  - -A
  - --catenate
  group: 'Main operation mode:'
  description: append tar files to an archive
  provenance:
    sources:
    - help-text
- spellings:
  - -c
  - --create
  group: 'Main operation mode:'
  description: create a new archive
  provenance:
    sources:
    - help-text
- spellings:
  - --delete
  group: 'Main operation mode:'
  description: delete from the archive (not on mag tapes!)
  provenance:
    sources:
    - help-text
- spellings:
  - -d
  - --diff
  group: 'Main operation mode:'
  description: find differences between archive and file system
  provenance:
    sources:
    - help-text
- spellings:
  - -r
  - --append
  group: 'Main operation mode:'
  description: append files to the end of an archive
  provenance:
    sources:
    - help-text
- spellings:
  - --test-label
  group: 'Main operation mode:'
  description: test the archive volume label and exit
  provenance:
    sources:
    - help-text
- spellings:
  - -t
  - --list
  group: 'Main operation mode:'
  description: list the contents of an archive
  provenance:
    sources:
    - help-text
- spellings:
  - -u
  - --update
  group: 'Main operation mode:'
  description: only append files newer than copy in archive
  provenance:
    sources:
    - help-text
- spellings:
  - -x
  - --extract
  group: 'Main operation mode:'
  description: extract files from an archive
  provenance:
    sources:
    - help-text
- spellings:
  - --check-device
  group: 'Operation modifiers:'
  description: check device numbers when creating incremental archives (default)
  provenance:
    sources:
    - help-text
- spellings:
  - -g
  - --listed-incremental
  value_name: FILE
  value_kind: Required
  group: 'Operation modifiers:'
  description: handle new GNU-format incremental backup
  provenance:
    sources:
    - help-text
- spellings:
  - -G
  - --incremental
  group: 'Operation modifiers:'
  description: handle old GNU-format incremental backup
  provenance:
    sources:
    - help-text
- spellings:
  - --hole-detection
  value_name: TYPE
  value_kind: Required
  group: 'Operation modifiers:'
  description: technique to detect holes
  provenance:
    sources:
    - help-text
- spellings:
  - --ignore-failed-read
  group: 'Operation modifiers:'
  description: do not exit with nonzero on unreadable files
  provenance:
    sources:
    - help-text
- spellings:
  - --level
  value_name: NUMBER
  value_kind: Required
  group: 'Operation modifiers:'
  description: dump level for created listed-incremental archive
  provenance:
    sources:
    - help-text
- spellings:
  - --no-check-device
  group: 'Operation modifiers:'
  description: do not check device numbers when creating incremental archives
  provenance:
    sources:
    - help-text
- spellings:
  - --no-seek
  group: 'Operation modifiers:'
  description: archive is not seekable
  provenance:
    sources:
    - help-text
- spellings:
  - -n
  - --seek
  group: 'Operation modifiers:'
  description: archive is seekable
  provenance:
    sources:
    - help-text
- spellings:
  - --occurrence
  value_name: NUMBER
  value_kind: Optional
  group: 'Operation modifiers:'
  description: process only the NUMBERth occurrence of each file in the archive; this option is valid only in conjunction with one of the subcommands --delete, --diff, --extract or --list and when a list of files is given either on the command line or via the -T option; NUMBER defaults to 1
  provenance:
    sources:
    - help-text
- spellings:
  - --sparse-version
  value_name: MAJOR[.MINOR]
  value_kind: Required
  group: 'Operation modifiers:'
  description: set version of the sparse format to use (implies --sparse)
  provenance:
    sources:
    - help-text
- spellings:
  - -S
  - --sparse
  group: 'Operation modifiers:'
  description: handle sparse files efficiently
  provenance:
    sources:
    - help-text
- spellings:
  - --add-file
  value_name: FILE
  value_kind: Required
  group: 'Local file name selection:'
  description: add given FILE to the archive (useful if its name starts with a dash)
  provenance:
    sources:
    - help-text
- spellings:
  - -C
  - --directory
  value_name: DIR
  value_kind: Required
  group: 'Local file name selection:'
  description: change to directory DIR
  provenance:
    sources:
    - help-text
- spellings:
  - --exclude
  value_name: PATTERN
  value_kind: Required
  group: 'Local file name selection:'
  description: exclude files, given as a PATTERN
  provenance:
    sources:
    - help-text
- spellings:
  - --exclude-backups
  group: 'Local file name selection:'
  description: exclude backup and lock files
  provenance:
    sources:
    - help-text
- spellings:
  - --exclude-caches
  group: 'Local file name selection:'
  description: exclude contents of directories containing CACHEDIR.TAG, except for the tag file itself
  provenance:
    sources:
    - help-text
- spellings:
  - --exclude-caches-all
  group: 'Local file name selection:'
  description: exclude directories containing CACHEDIR.TAG
  provenance:
    sources:
    - help-text
- spellings:
  - --exclude-caches-under
  value_name: exclude
  value_kind: Required
  group: 'Local file name selection:'
  description: CACHEDIR.TAG
  provenance:
    sources:
    - help-text
- spellings:
  - --exclude-ignore
  value_name: FILE
  value_kind: Required
  group: 'Local file name selection:'
  description: read exclude patterns for each directory from FILE, if it exists
  provenance:
    sources:
    - help-text
- spellings:
  - --exclude-ignore-recursive
  value_name: FILE
  value_kind: Required
  group: 'Local file name selection:'
  description: read exclude patterns for each directory and its subdirectories from FILE, if it exists
  provenance:
    sources:
    - help-text
- spellings:
  - --exclude-tag
  value_name: FILE
  value_kind: Required
  group: 'Local file name selection:'
  description: exclude contents of directories containing FILE, except for FILE itself
  provenance:
    sources:
    - help-text
- spellings:
  - --exclude-tag-all
  value_name: FILE
  value_kind: Required
  group: 'Local file name selection:'
  provenance:
    sources:
    - help-text
- spellings:
  - --exclude-tag-under
  value_name: FILE
  value_kind: Required
  group: 'Local file name selection:'
  description: exclude everything under directories containing FILE
  provenance:
    sources:
    - help-text
- spellings:
  - --exclude-vcs
  group: 'Local file name selection:'
  description: exclude version control system directories
  provenance:
    sources:
    - help-text
- spellings:
  - --exclude-vcs-ignores
  group: 'Local file name selection:'
  description: read exclude patterns from the VCS ignore files
  provenance:
    sources:
    - help-text
- spellings:
  - --no-null
  group: 'Local file name selection:'
  description: disable the effect of the previous --null option
  provenance:
    sources:
    - help-text
- spellings:
  - --no-recursion
  group: 'Local file name selection:'
  description: avoid descending automatically in directories
  provenance:
    sources:
    - help-text
- spellings:
  - --no-unquote
  group: 'Local file name selection:'
  description: do not unquote input file or member names
  provenance:
    sources:
    - help-text
- spellings:
  - --no-verbatim-files-from
  group: 'Local file name selection:'
  description: -T treats file names starting with dash as options (default)
  provenance:
    sources:
    - help-text
- spellings:
  - --null
  group: 'Local file name selection:'
  description: -T reads null-terminated names; implies --verbatim-files-from
  provenance:
    sources:
    - help-text
- spellings:
  - --recursion
  group: 'Local file name selection:'
  description: recurse into directories (default)
  provenance:
    sources:
    - help-text
- spellings:
  - -T
  - --files-from
  value_name: FILE
  value_kind: Required
  group: 'Local file name selection:'
  description: get names to extract or create from FILE
  provenance:
    sources:
    - help-text
- spellings:
  - --unquote
  group: 'Local file name selection:'
  description: unquote input file or member names (default)
  provenance:
    sources:
    - help-text
- spellings:
  - --verbatim-files-from
  group: 'Local file name selection:'
  description: -T reads file names verbatim (no escape or option handling)
  provenance:
    sources:
    - help-text
- spellings:
  - -X
  - --exclude-from
  value_name: FILE
  value_kind: Required
  group: 'Local file name selection:'
  description: exclude patterns listed in FILE
  provenance:
    sources:
    - help-text
- spellings:
  - --anchored
  group: 'File name matching options (affect both exclude and include patterns):'
  description: patterns match file name start
  provenance:
    sources:
    - help-text
- spellings:
  - --ignore-case
  group: 'File name matching options (affect both exclude and include patterns):'
  description: ignore case
  provenance:
    sources:
    - help-text
- spellings:
  - --no-anchored
  group: 'File name matching options (affect both exclude and include patterns):'
  description: patterns match after any '/' (default for exclusion)
  provenance:
    sources:
    - help-text
- spellings:
  - --no-ignore-case
  group: 'File name matching options (affect both exclude and include patterns):'
  description: case sensitive matching (default)
  provenance:
    sources:
    - help-text
- spellings:
  - --no-wildcards
  group: 'File name matching options (affect both exclude and include patterns):'
  description: verbatim string matching
  provenance:
    sources:
    - help-text
- spellings:
  - --no-wildcards-match-slash
  group: 'File name matching options (affect both exclude and include patterns):'
  description: wildcards do not match '/'
  provenance:
    sources:
    - help-text
- spellings:
  - --wildcards
  group: 'File name matching options (affect both exclude and include patterns):'
  description: use wildcards (default for exclusion)
  provenance:
    sources:
    - help-text
- spellings:
  - --wildcards-match-slash
  group: 'File name matching options (affect both exclude and include patterns):'
  description: wildcards match '/' (default for exclusion)
  provenance:
    sources:
    - help-text
- spellings:
  - --keep-directory-symlink
  group: 'Overwrite control:'
  description: preserve existing symlinks to directories when extracting
  provenance:
    sources:
    - help-text
- spellings:
  - --keep-newer-files
  group: 'Overwrite control:'
  description: don't replace existing files that are newer than their archive copies
  provenance:
    sources:
    - help-text
- spellings:
  - -k
  - --keep-old-files
  group: 'Overwrite control:'
  description: don't replace existing files when extracting, treat them as errors
  provenance:
    sources:
    - help-text
- spellings:
  - --no-overwrite-dir
  group: 'Overwrite control:'
  description: preserve metadata of existing directories
  provenance:
    sources:
    - help-text
- spellings:
  - --one-top-level
  value_name: DIR
  value_kind: Optional
  group: 'Overwrite control:'
  description: create a subdirectory to avoid having loose files extracted
  provenance:
    sources:
    - help-text
- spellings:
  - --overwrite
  group: 'Overwrite control:'
  description: overwrite existing files when extracting
  provenance:
    sources:
    - help-text
- spellings:
  - --overwrite-dir
  group: 'Overwrite control:'
  description: overwrite metadata of existing directories when extracting (default)
  provenance:
    sources:
    - help-text
- spellings:
  - --recursive-unlink
  group: 'Overwrite control:'
  description: empty hierarchies prior to extracting directory
  provenance:
    sources:
    - help-text
- spellings:
  - --remove-files
  group: 'Overwrite control:'
  description: remove files after adding them to the archive
  provenance:
    sources:
    - help-text
- spellings:
  - --skip-old-files
  group: 'Overwrite control:'
  description: don't replace existing files when extracting, silently skip over them
  provenance:
    sources:
    - help-text
- spellings:
  - -U
  - --unlink-first
  group: 'Overwrite control:'
  description: remove each file prior to extracting over it
  provenance:
    sources:
    - help-text
- spellings:
  - -W
  - --verify
  group: 'Overwrite control:'
  description: attempt to verify the archive after writing it
  provenance:
    sources:
    - help-text
- spellings:
  - --ignore-command-error
  value_name: ignore
  value_kind: Required
  group: 'Select output stream:'
  provenance:
    sources:
    - help-text
- spellings:
  - --no-ignore-command-error
  group: 'Select output stream:'
  description: treat non-zero exit codes of children as error
  provenance:
    sources:
    - help-text
- spellings:
  - -O
  - --to-stdout
  group: 'Select output stream:'
  description: extract files to standard output
  provenance:
    sources:
    - help-text
- spellings:
  - --to-command
  value_name: COMMAND
  value_kind: Required
  group: 'Select output stream:'
  description: pipe extracted files to another program
  provenance:
    sources:
    - help-text
- spellings:
  - --atime-preserve
  value_name: METHOD
  value_kind: Optional
  group: 'Handling of file attributes:'
  description: preserve access times on dumped files, either by restoring the times after reading (METHOD='replace'; default) or by not setting the times in the first place (METHOD='system')
  provenance:
    sources:
    - help-text
- spellings:
  - --clamp-mtime
  group: 'Handling of file attributes:'
  description: only set time when the file is more recent than what was given with --mtime
  provenance:
    sources:
    - help-text
- spellings:
  - --delay-directory-restore
  group: 'Handling of file attributes:'
  description: delay setting modification times and permissions of extracted directories until the end of extraction
  provenance:
    sources:
    - help-text
- spellings:
  - --group
  value_name: NAME
  value_kind: Required
  group: 'Handling of file attributes:'
  description: force NAME as group for added files
  provenance:
    sources:
    - help-text
- spellings:
  - --group-map
  value_name: FILE
  value_kind: Required
  group: 'Handling of file attributes:'
  description: use FILE to map file owner GIDs and names
  provenance:
    sources:
    - help-text
- spellings:
  - --mode
  value_name: CHANGES
  value_kind: Required
  group: 'Handling of file attributes:'
  description: force (symbolic) mode CHANGES for added files
  provenance:
    sources:
    - help-text
- spellings:
  - --mtime
  value_name: DATE-OR-FILE
  value_kind: Required
  group: 'Handling of file attributes:'
  description: set mtime for added files from DATE-OR-FILE
  provenance:
    sources:
    - help-text
- spellings:
  - -m
  - --touch
  group: 'Handling of file attributes:'
  description: don't extract file modified time
  provenance:
    sources:
    - help-text
- spellings:
  - --no-delay-directory-restore
  group: 'Handling of file attributes:'
  description: cancel the effect of --delay-directory-restore option
  provenance:
    sources:
    - help-text
- spellings:
  - --no-same-owner
  group: 'Handling of file attributes:'
  description: extract files as yourself (default for ordinary users)
  provenance:
    sources:
    - help-text
- spellings:
  - --no-same-permissions
  group: 'Handling of file attributes:'
  description: apply the user's umask when extracting permissions from the archive (default for ordinary users)
  provenance:
    sources:
    - help-text
- spellings:
  - --numeric-owner
  group: 'Handling of file attributes:'
  description: always use numbers for user/group names
  provenance:
    sources:
    - help-text
- spellings:
  - --owner
  value_name: NAME
  value_kind: Required
  group: 'Handling of file attributes:'
  description: force NAME as owner for added files
  provenance:
    sources:
    - help-text
- spellings:
  - --owner-map
  value_name: FILE
  value_kind: Required
  group: 'Handling of file attributes:'
  description: use FILE to map file owner UIDs and names
  provenance:
    sources:
    - help-text
- spellings:
  - -p
  - --preserve-permissions
  group: 'Handling of file attributes:'
  description: extract information about file permissions (default for superuser)
  provenance:
    sources:
    - help-text
- spellings:
  - --same-owner
  group: 'Handling of file attributes:'
  description: try extracting files with the same ownership as exists in the archive (default for superuser)
  provenance:
    sources:
    - help-text
- spellings:
  - --sort
  value_name: ORDER
  value_kind: Required
  group: 'Handling of file attributes:'
  description: 'directory sorting order: none (default), name or inode'
  provenance:
    sources:
    - help-text
- spellings:
  - -s
  - --preserve-order
  group: 'Handling of file attributes:'
  description: member arguments are listed in the same order as the files in the archive
  provenance:
    sources:
    - help-text
- spellings:
  - --acls
  group: 'Handling of extended file attributes:'
  description: Enable the POSIX ACLs support
  provenance:
    sources:
    - help-text
- spellings:
  - --no-acls
  group: 'Handling of extended file attributes:'
  description: Disable the POSIX ACLs support
  provenance:
    sources:
    - help-text
- spellings:
  - --no-selinux
  group: 'Handling of extended file attributes:'
  description: Disable the SELinux context support
  provenance:
    sources:
    - help-text
- spellings:
  - --no-xattrs
  group: 'Handling of extended file attributes:'
  description: Disable extended attributes support
  provenance:
    sources:
    - help-text
- spellings:
  - --selinux
  group: 'Handling of extended file attributes:'
  description: Enable the SELinux context support
  provenance:
    sources:
    - help-text
- spellings:
  - --xattrs
  group: 'Handling of extended file attributes:'
  description: Enable extended attributes support
  provenance:
    sources:
    - help-text
- spellings:
  - --xattrs-exclude
  value_name: MASK
  value_kind: Required
  group: 'Handling of extended file attributes:'
  description: specify the exclude pattern for xattr keys
  provenance:
    sources:
    - help-text
- spellings:
  - --xattrs-include
  value_name: MASK
  value_kind: Required
  group: 'Handling of extended file attributes:'
  description: specify the include pattern for xattr keys
  provenance:
    sources:
    - help-text
- spellings:
  - --force-local
  group: 'Device selection and switching:'
  description: archive file is local even if it has a colon
  provenance:
    sources:
    - help-text
- spellings:
  - -f
  - --file
  value_name: ARCHIVE
  value_kind: Required
  group: 'Device selection and switching:'
  description: use archive file or device ARCHIVE
  provenance:
    sources:
    - help-text
- spellings:
  - -F
  - --info-script
  value_name: NAME
  value_kind: Required
  group: 'Device selection and switching:'
  description: run script at end of each tape (implies -M)
  provenance:
    sources:
    - help-text
- spellings:
  - -L
  - --tape-length
  value_name: NUMBER
  value_kind: Required
  group: 'Device selection and switching:'
  description: change tape after writing NUMBER x 1024 bytes
  provenance:
    sources:
    - help-text
- spellings:
  - -M
  - --multi-volume
  group: 'Device selection and switching:'
  description: create/list/extract multi-volume archive
  provenance:
    sources:
    - help-text
- spellings:
  - --rmt-command
  value_name: COMMAND
  value_kind: Required
  group: 'Device selection and switching:'
  description: use given rmt COMMAND instead of rmt
  provenance:
    sources:
    - help-text
- spellings:
  - --rsh-command
  value_name: COMMAND
  value_kind: Required
  group: 'Device selection and switching:'
  description: use remote COMMAND instead of rsh
  provenance:
    sources:
    - help-text
- spellings:
  - --volno-file
  value_name: FILE
  value_kind: Required
  group: 'Device selection and switching:'
  description: use/update the volume number in FILE
  provenance:
    sources:
    - help-text
- spellings:
  - -b
  - --blocking-factor
  value_name: BLOCKS
  value_kind: Required
  group: 'Device blocking:'
  description: BLOCKS x 512 bytes per record
  provenance:
    sources:
    - help-text
- spellings:
  - -B
  - --read-full-records
  group: 'Device blocking:'
  description: reblock as we read (for 4.2BSD pipes)
  provenance:
    sources:
    - help-text
- spellings:
  - -i
  - --ignore-zeros
  group: 'Device blocking:'
  description: ignore zeroed blocks in archive (means EOF)
  provenance:
    sources:
    - help-text
- spellings:
  - --record-size
  value_name: NUMBER
  value_kind: Required
  group: 'Device blocking:'
  description: NUMBER of bytes per record, multiple of 512
  provenance:
    sources:
    - help-text
- spellings:
  - -H
  - --format
  value_name: FORMAT
  value_kind: Required
  choices:
  - gnu
  - oldgnu
  - pax
  - posix
  - ustar
  - v7
  group: 'Archive format selection:'
  description: create archive of the given format
  provenance:
    sources:
    - help-text
- spellings:
  - --old-archive
  description: same as --format=v7
  provenance:
    sources:
    - help-text
- spellings:
  - --pax-option
  value_name: keyword[[:]=value][,keyword[[:]=value]]...
  value_kind: Required
  description: control pax keywords
  provenance:
    sources:
    - help-text
- spellings:
  - --posix
  description: same as --format=posix
  provenance:
    sources:
    - help-text
- spellings:
  - -V
  - --label
  value_name: TEXT
  value_kind: Required
  description: create archive with volume name TEXT; at list/extract time, use TEXT as a globbing pattern for volume name
  provenance:
    sources:
    - help-text
- spellings:
  - -a
  - --auto-compress
  group: 'Compression options:'
  description: use archive suffix to determine the compression program
  provenance:
    sources:
    - help-text
- spellings:
  - -I
  - --use-compress-program
  value_name: PROG
  value_kind: Required
  group: 'Compression options:'
  description: filter through PROG (must accept -d)
  provenance:
    sources:
    - help-text
- spellings:
  - -j
  - --bzip2
  group: 'Compression options:'
  description: filter the archive through bzip2
  provenance:
    sources:
    - help-text
- spellings:
  - -J
  - --xz
  group: 'Compression options:'
  description: filter the archive through xz
  provenance:
    sources:
    - help-text
- spellings:
  - --lzip
  group: 'Compression options:'
  description: filter the archive through lzip
  provenance:
    sources:
    - help-text
- spellings:
  - --lzma
  group: 'Compression options:'
  description: filter the archive through xz
  provenance:
    sources:
    - help-text
- spellings:
  - --lzop
  group: 'Compression options:'
  description: filter the archive through lzop
  provenance:
    sources:
    - help-text
- spellings:
  - --no-auto-compress
  group: 'Compression options:'
  description: do not use archive suffix to determine the compression program
  provenance:
    sources:
    - help-text
- spellings:
  - --zstd
  group: 'Compression options:'
  description: filter the archive through zstd
  provenance:
    sources:
    - help-text
- spellings:
  - -z
  - --gzip
  group: 'Compression options:'
  description: filter the archive through gzip
  provenance:
    sources:
    - help-text
- spellings:
  - -Z
  - --compress
  group: 'Compression options:'
  description: filter the archive through compress
  provenance:
    sources:
    - help-text
- spellings:
  - --backup
  value_name: CONTROL
  value_kind: Optional
  choices:
  - none
  - off
  - t
  - numbered
  - nil
  - existing
  - never
  - simple
  group: 'Local file selection:'
  description: backup before removal, choose version CONTROL
  provenance:
    sources:
    - help-text
- spellings:
  - --hard-dereference
  group: 'Local file selection:'
  description: follow hard links; archive and dump the files they refer to
  provenance:
    sources:
    - help-text
- spellings:
  - -h
  - --dereference
  group: 'Local file selection:'
  description: follow symlinks; archive and dump the files they point to
  provenance:
    sources:
    - help-text
- spellings:
  - -K
  - --starting-file
  value_name: MEMBER-NAME
  value_kind: Required
  group: 'Local file selection:'
  description: begin at member MEMBER-NAME when reading the archive
  provenance:
    sources:
    - help-text
- spellings:
  - --newer-mtime
  value_name: DATE
  value_kind: Required
  group: 'Local file selection:'
  description: compare date and time when data changed only
  provenance:
    sources:
    - help-text
- spellings:
  - -N
  - --newer
  value_name: DATE-OR-FILE
  value_kind: Required
  group: 'Local file selection:'
  description: only store files newer than DATE-OR-FILE
  provenance:
    sources:
    - help-text
- spellings:
  - --one-file-system
  group: 'Local file selection:'
  description: stay in local file system when creating archive
  provenance:
    sources:
    - help-text
- spellings:
  - -P
  - --absolute-names
  group: 'Local file selection:'
  description: don't strip leading '/'s from file names
  provenance:
    sources:
    - help-text
- spellings:
  - --suffix
  value_name: STRING
  value_kind: Required
  group: 'Local file selection:'
  description: backup before removal, override usual suffix ('~' unless overridden by environment variable SIMPLE_BACKUP_SUFFIX)
  provenance:
    sources:
    - help-text
- spellings:
  - --strip-components
  value_name: NUMBER
  value_kind: Required
  group: 'File name transformations:'
  description: strip NUMBER leading components from file names on extraction
  provenance:
    sources:
    - help-text
- spellings:
  - --transform
  value_name: EXPRESSION
  value_kind: Required
  group: 'File name transformations:'
  description: use sed replace EXPRESSION to transform file names
  provenance:
    sources:
    - help-text
- spellings:
  - --checkpoint
  value_name: NUMBER
  value_kind: Optional
  group: 'Informative output:'
  description: display progress messages every NUMBERth record (default 10)
  provenance:
    sources:
    - help-text
- spellings:
  - --checkpoint-action
  value_name: ACTION
  value_kind: Required
  group: 'Informative output:'
  description: execute ACTION on each checkpoint
  provenance:
    sources:
    - help-text
- spellings:
  - --full-time
  group: 'Informative output:'
  description: print file time to its full resolution
  provenance:
    sources:
    - help-text
- spellings:
  - --index-file
  value_name: FILE
  value_kind: Required
  group: 'Informative output:'
  description: send verbose output to FILE
  provenance:
    sources:
    - help-text
- spellings:
  - -l
  - --check-links
  group: 'Informative output:'
  description: print a message if not all links are dumped
  provenance:
    sources:
    - help-text
- spellings:
  - --no-quote-chars
  value_name: STRING
  value_kind: Required
  group: 'Informative output:'
  description: disable quoting for characters from STRING
  provenance:
    sources:
    - help-text
- spellings:
  - --quote-chars
  value_name: STRING
  value_kind: Required
  group: 'Informative output:'
  description: additionally quote characters from STRING
  provenance:
    sources:
    - help-text
- spellings:
  - --quoting-style
  value_name: STYLE
  value_kind: Required
  choices:
  - literal
  - shell
  - shell-always
  - shell-escape
  - shell-escape-always
  - c
  - c-maybe
  - escape
  - locale
  - clocale
  group: 'Informative output:'
  description: set name quoting style; see below for valid STYLE values
  provenance:
    sources:
    - help-text
- spellings:
  - -R
  - --block-number
  group: 'Informative output:'
  description: show block number within archive with each message
  provenance:
    sources:
    - help-text
- spellings:
  - --show-defaults
  group: 'Informative output:'
  description: show tar defaults
  provenance:
    sources:
    - help-text
- spellings:
  - --show-omitted-dirs
  group: 'Informative output:'
  description: when listing or extracting, list each directory that does not match search criteria
  provenance:
    sources:
    - help-text
- spellings:
  - --show-snapshot-field-ranges
  group: 'Informative output:'
  description: show valid ranges for snapshot-file fields
  provenance:
    sources:
    - help-text
- spellings:
  - --show-transformed-names
  group: 'Informative output:'
  description: show file or archive names after transformation
  provenance:
    sources:
    - help-text
- spellings:
  - --totals
  value_name: SIGNAL
  value_kind: Optional
  group: 'Informative output:'
  description: 'print total bytes after processing the archive; with an argument - print total bytes when this SIGNAL is delivered; Allowed signals are: SIGHUP, SIGQUIT, SIGINT, SIGUSR1 and SIGUSR2; the names without SIG prefix are also accepted'
  provenance:
    sources:
    - help-text
- spellings:
  - --utc
  group: 'Informative output:'
  description: print file modification times in UTC
  provenance:
    sources:
    - help-text
- spellings:
  - -v
  - --verbose
  group: 'Informative output:'
  description: verbosely list files processed
  provenance:
    sources:
    - help-text
- spellings:
  - --warning
  value_name: KEYWORD
  value_kind: Required
  group: 'Informative output:'
  description: warning control
  provenance:
    sources:
    - help-text
- spellings:
  - -w
  - --interactive
  group: 'Informative output:'
  description: ask for confirmation for every action
  provenance:
    sources:
    - help-text
- spellings:
  - -o
  group: 'Compatibility options:'
  description: when creating, same as --old-archive; when extracting, same as --no-same-owner
  provenance:
    sources:
    - help-text
- spellings:
  - -?
  - --help
  group: 'Other options:'
  description: give this help list
  provenance:
    sources:
    - help-text
- spellings:
  - --restrict
  group: 'Other options:'
  description: disable use of some potentially harmful options
  provenance:
    sources:
    - help-text
- spellings:
  - --usage
  group: 'Other options:'
  description: give a short usage message
  provenance:
    sources:
    - help-text
- spellings:
  - --version
  group: 'Other options:'
  description: print program version
  provenance:
    sources:
    - help-text
- spellings:
  - --format
  value_name: gnu
  value_kind: Required
  provenance:
    sources:
    - help-text
- spellings:
  - --rsh-command
  value_name: /usr/bin/rsh
  value_kind: Required
  provenance:
    sources:
    - help-text
detected_framework: GNU argp/getopt_long
provenance:
  sources:
  - help-text
  confidence: 0.98
children_filled: true
