name: corepack
description: Corepack - 0.34.6
usage:
- $ corepack <command>
positionals:
- name: command
  required: true
  provenance:
    sources:
    - help-text
provenance:
  sources:
  - help-text
  confidence: 0.5
children_filled: true
subcommands:
- name: cache
  group: General commands
  provenance:
    sources:
    - help-text
  children_filled: true
  invocation_attested: true
  subcommands:
  - name: clean
    summary: Cleans Corepack cache
    provenance:
      sources:
      - help-text
    invocation_attested: true
- name: disable
  summary: Remove the Corepack shims from the install directory
  group: General commands
  provenance:
    sources:
    - help-text
  invocation_attested: true
- name: enable
  summary: Add the Corepack shims to the install directory
  group: General commands
  provenance:
    sources:
    - help-text
  invocation_attested: true
- name: install
  summary: Install the package manager configured in the local project
  group: General commands
  provenance:
    sources:
    - help-text
  invocation_attested: true
- name: pack
  summary: Store package managers in a tarball
  group: General commands
  provenance:
    sources:
    - help-text
  invocation_attested: true
- name: up
  summary: Update the package manager used in the current project
  group: General commands
  provenance:
    sources:
    - help-text
  invocation_attested: true
- name: use
  summary: Define the package manager to use for the current project
  group: General commands
  provenance:
    sources:
    - help-text
  invocation_attested: true
