name: nano
usage:
- 'Usage: nano [OPTIONS] [[+LINE[,COLUMN]] FILE]...'
positionals:
- name: FILE
  required: true
  variadic: true
  provenance:
    sources:
    - help-text
flags:
- short: 'A'
  long: smarthome
  description: Enable smart home key
  provenance:
    sources:
    - help-text
- short: 'B'
  long: backup
  description: Save backups of existing files
  provenance:
    sources:
    - help-text
- short: 'C'
  long: backupdir
  value_name: <dir>
  value_kind: Required
  description: Directory for saving unique backup files
  provenance:
    sources:
    - help-text
- short: 'D'
  long: boldtext
  description: Use bold instead of reverse video text
  provenance:
    sources:
    - help-text
- short: 'E'
  long: tabstospaces
  description: Convert typed tabs to spaces
  provenance:
    sources:
    - help-text
- short: 'F'
  long: multibuffer
  description: Read a file into a new buffer by default
  provenance:
    sources:
    - help-text
- short: 'G'
  long: locking
  description: Use (vim-style) lock files
  provenance:
    sources:
    - help-text
- short: 'H'
  long: historylog
  description: Save & reload old search/replace strings
  provenance:
    sources:
    - help-text
- short: 'I'
  long: ignorercfiles
  description: Don't look at nanorc files
  provenance:
    sources:
    - help-text
- short: 'J'
  long: guidestripe
  value_name: <number>
  value_kind: Required
  description: Show a guiding bar at this column
  provenance:
    sources:
    - help-text
- short: 'K'
  long: rawsequences
  description: Fix numeric keypad key confusion problem
  provenance:
    sources:
    - help-text
- short: 'L'
  long: nonewlines
  description: Don't add an automatic newline
  provenance:
    sources:
    - help-text
- short: 'M'
  long: trimblanks
  description: Trim tail spaces when hard-wrapping
  provenance:
    sources:
    - help-text
- short: 'N'
  long: noconvert
  description: Don't convert files from DOS/Mac format
  provenance:
    sources:
    - help-text
- short: 'O'
  long: bookstyle
  description: Leading whitespace means new paragraph
  provenance:
    sources:
    - help-text
- short: 'P'
  long: positionlog
  description: Save & restore position of the cursor
  provenance:
    sources:
    - help-text
- short: 'Q'
  long: quotestr
  value_name: <regex>
  value_kind: Required
  description: Regular expression to match quoting
  provenance:
    sources:
    - help-text
- short: 'R'
  long: restricted
  description: Restrict access to the filesystem
  provenance:
    sources:
    - help-text
- short: 'S'
  long: softwrap
  description: Display overlong lines on multiple rows
  provenance:
    sources:
    - help-text
- short: 'T'
  long: tabsize
  value_name: <number>
  value_kind: Required
  description: Make a tab this number of columns wide
  provenance:
    sources:
    - help-text
- short: 'U'
  long: quickblank
  description: Wipe status bar upon next keystroke
  provenance:
    sources:
    - help-text
- short: 'V'
  long: version
  description: Print version information and exit
  provenance:
    sources:
    - help-text
- short: 'W'
  long: wordbounds
  description: Detect word boundaries more accurately
  provenance:
    sources:
    - help-text
- short: 'X'
  long: wordchars
  value_name: <string>
  value_kind: Required
  description: Which other characters are word parts
  provenance:
    sources:
    - help-text
- short: 'Y'
  long: syntax
  value_name: <name>
  value_kind: Required
  description: Syntax definition to use for coloring
  provenance:
    sources:
    - help-text
- short: 'Z'
  long: zap
  description: Let Bsp and Del erase a marked region
  provenance:
    sources:
    - help-text
- short: 'a'
  long: atblanks
  description: When soft-wrapping, do it at whitespace
  provenance:
    sources:
    - help-text
- short: 'b'
  long: breaklonglines
  description: Automatically hard-wrap overlong lines
  provenance:
    sources:
    - help-text
- short: 'c'
  long: constantshow
  description: Constantly show cursor position
  provenance:
    sources:
    - help-text
- short: 'd'
  long: rebinddelete
  description: Fix Backspace/Delete confusion problem
  provenance:
    sources:
    - help-text
- short: 'e'
  long: emptyline
  description: Keep the line below the title bar empty
  provenance:
    sources:
    - help-text
- short: 'f'
  long: rcfile
  value_name: <file>
  value_kind: Required
  description: Use only this file for configuring nano
  provenance:
    sources:
    - help-text
- short: 'g'
  long: showcursor
  description: Show cursor in file browser & help text
  provenance:
    sources:
    - help-text
- short: 'h'
  long: help
  description: Show this help text and exit
  provenance:
    sources:
    - help-text
- short: 'i'
  long: autoindent
  description: Automatically indent new lines
  provenance:
    sources:
    - help-text
- short: 'j'
  long: jumpyscrolling
  description: Scroll per half-screen, not per line
  provenance:
    sources:
    - help-text
- short: 'k'
  long: cutfromcursor
  description: Cut from cursor to end of line
  provenance:
    sources:
    - help-text
- short: 'l'
  long: linenumbers
  description: Show line numbers in front of the text
  provenance:
    sources:
    - help-text
- short: 'm'
  long: mouse
  description: Enable the use of the mouse
  provenance:
    sources:
    - help-text
- short: 'n'
  long: noread
  description: Do not read the file (only write it)
  provenance:
    sources:
    - help-text
- short: 'o'
  long: operatingdir
  value_name: <dir>
  value_kind: Required
  description: Set operating directory
  provenance:
    sources:
    - help-text
- short: 'p'
  long: preserve
  description: Preserve XON (^Q) and XOFF (^S) keys
  provenance:
    sources:
    - help-text
- short: 'q'
  long: indicator
  description: Show a position+portion indicator
  provenance:
    sources:
    - help-text
- short: 'r'
  long: fill
  value_name: <number>
  value_kind: Required
  description: Set width for hard-wrap and justify
  provenance:
    sources:
    - help-text
- short: 's'
  long: speller
  value_name: <program>
  value_kind: Required
  description: Use this alternative spell checker
  provenance:
    sources:
    - help-text
- short: 't'
  long: saveonexit
  description: Save changes on exit, don't prompt
  provenance:
    sources:
    - help-text
- short: 'u'
  long: unix
  description: Save a file by default in Unix format
  provenance:
    sources:
    - help-text
- short: 'v'
  long: view
  description: View mode (read-only)
  provenance:
    sources:
    - help-text
- short: 'w'
  long: nowrap
  description: Don't hard-wrap long lines [default]
  provenance:
    sources:
    - help-text
- short: 'x'
  long: nohelp
  description: Don't show the two help lines
  provenance:
    sources:
    - help-text
- short: 'y'
  long: afterends
  description: Make Ctrl+Right stop at word ends
  provenance:
    sources:
    - help-text
- short: '%'
  description: --stateflags Show some states on the title bar
  provenance:
    sources:
    - help-text
- short: '_'
  description: --minibar Show a feedback bar at the bottom
  provenance:
    sources:
    - help-text
- short: '0'
  long: zero
  description: Hide all bars, use whole terminal
  provenance:
    sources:
    - help-text
provenance:
  sources:
  - help-text
  confidence: 0.5
children_filled: true
