name: aarch64-linux-gnu-gcc-nm-13
description: '/usr/bin/nm: supported targets: elf64-littleaarch64 elf64-bigaarch64 elf32-littleaarch64 elf32-bigaarch64 elf32-littlearm elf32-bigarm pei-aarch64-little pe-aarch64-little elf64-little elf64-big elf32-little elf32-big srec symbolsrec verilog tekhex binary ihex plugin Report bugs to <https://sourceware.org/bugzilla/>.'
usage:
- 'Usage: /usr/bin/nm [option(s)] [file(s)]'
flags:
- spellings:
  - -a
  - --debug-syms
  group: 'The options are:'
  description: Display debugger-only symbols
  provenance:
    sources:
    - help-text
- spellings:
  - -A
  - --print-file-name
  group: 'The options are:'
  description: Print name of the input file before every symbol
  provenance:
    sources:
    - help-text
- spellings:
  - -B
  group: 'The options are:'
  description: Same as --format=bsd
  provenance:
    sources:
    - help-text
- spellings:
  - -C
  - --demangle
  value_name: STYLE
  value_kind: Optional
  group: 'The options are:'
  description: Decode mangled/processed symbol names STYLE can be "none", "auto", "gnu-v3", "java", "gnat", "dlang", "rust"
  provenance:
    sources:
    - help-text
- spellings:
  - --no-demangle
  group: 'The options are:'
  description: Do not demangle low-level symbol names
  provenance:
    sources:
    - help-text
- spellings:
  - --recurse-limit
  group: 'The options are:'
  description: Enable a demangling recursion limit. (default)
  provenance:
    sources:
    - help-text
- spellings:
  - --no-recurse-limit
  group: 'The options are:'
  description: Disable a demangling recursion limit.
  provenance:
    sources:
    - help-text
- spellings:
  - -D
  - --dynamic
  group: 'The options are:'
  description: Display dynamic symbols instead of normal symbols
  provenance:
    sources:
    - help-text
- spellings:
  - -e
  group: 'The options are:'
  description: (ignored)
  provenance:
    sources:
    - help-text
- spellings:
  - -f
  - --format
  value_name: FORMAT
  value_kind: Required
  group: 'The options are:'
  description: Use the output format FORMAT. FORMAT can be `bsd', `sysv', `posix' or 'just-symbols'. The default is `bsd'
  provenance:
    sources:
    - help-text
- spellings:
  - -g
  - --extern-only
  group: 'The options are:'
  description: Display only external symbols
  provenance:
    sources:
    - help-text
- spellings:
  - --ifunc-chars
  value_name: CHARS
  value_kind: Required
  group: 'The options are:'
  description: Characters to use when displaying ifunc symbols
  provenance:
    sources:
    - help-text
- spellings:
  - -j
  - --just-symbols
  group: 'The options are:'
  description: Same as --format=just-symbols
  provenance:
    sources:
    - help-text
- spellings:
  - -l
  - --line-numbers
  group: 'The options are:'
  description: Use debugging information to find a filename and line number for each symbol
  provenance:
    sources:
    - help-text
- spellings:
  - -n
  - --numeric-sort
  group: 'The options are:'
  description: Sort symbols numerically by address
  provenance:
    sources:
    - help-text
- spellings:
  - -o
  group: 'The options are:'
  description: Same as -A
  provenance:
    sources:
    - help-text
- spellings:
  - -p
  - --no-sort
  group: 'The options are:'
  description: Do not sort the symbols
  provenance:
    sources:
    - help-text
- spellings:
  - -P
  - --portability
  group: 'The options are:'
  description: Same as --format=posix
  provenance:
    sources:
    - help-text
- spellings:
  - -r
  - --reverse-sort
  group: 'The options are:'
  description: Reverse the sense of the sort
  provenance:
    sources:
    - help-text
- spellings:
  - --plugin
  value_name: NAME
  value_kind: Required
  group: 'The options are:'
  description: Load the specified plugin
  provenance:
    sources:
    - help-text
- spellings:
  - -S
  - --print-size
  group: 'The options are:'
  description: Print size of defined symbols
  provenance:
    sources:
    - help-text
- spellings:
  - -s
  - --print-armap
  group: 'The options are:'
  description: Include index for symbols from archive members
  provenance:
    sources:
    - help-text
- spellings:
  - --quiet
  group: 'The options are:'
  description: Suppress "no symbols" diagnostic
  provenance:
    sources:
    - help-text
- spellings:
  - --size-sort
  group: 'The options are:'
  description: Sort symbols by size
  provenance:
    sources:
    - help-text
- spellings:
  - --special-syms
  group: 'The options are:'
  description: Include special symbols in the output
  provenance:
    sources:
    - help-text
- spellings:
  - --synthetic
  group: 'The options are:'
  description: Display synthetic symbols as well
  provenance:
    sources:
    - help-text
- spellings:
  - -t
  - --radix
  value_name: RADIX
  value_kind: Required
  group: 'The options are:'
  description: Use RADIX for printing symbol values
  provenance:
    sources:
    - help-text
- spellings:
  - --target
  value_name: BFDNAME
  value_kind: Required
  group: 'The options are:'
  description: Specify the target object format as BFDNAME
  provenance:
    sources:
    - help-text
- spellings:
  - -u
  - --undefined-only
  group: 'The options are:'
  description: Display only undefined symbols
  provenance:
    sources:
    - help-text
- spellings:
  - -U
  - --defined-only
  group: 'The options are:'
  description: Display only defined symbols
  provenance:
    sources:
    - help-text
- spellings:
  - --unicode
  value_name: '{default|show|invalid|hex|escape|highlight}'
  value_kind: Required
  group: 'The options are:'
  description: Specify how to treat UTF-8 encoded unicode characters
  provenance:
    sources:
    - help-text
- spellings:
  - -W
  - --no-weak
  group: 'The options are:'
  description: Ignore weak symbols
  provenance:
    sources:
    - help-text
- spellings:
  - --without-symbol-versions
  group: 'The options are:'
  description: Do not display version strings after symbol names
  provenance:
    sources:
    - help-text
- spellings:
  - -X
  value_name: 32_64
  value_kind: Required
  group: 'The options are:'
  description: (ignored)
  provenance:
    sources:
    - help-text
- spellings:
  - '@'
  value_name: FILE
  value_kind: Required
  group: 'The options are:'
  description: Read options from FILE
  provenance:
    sources:
    - help-text
- spellings:
  - -h
  - --help
  description: Display this information
  provenance:
    sources:
    - help-text
- spellings:
  - -V
  - --version
  description: Display this program's version number
  provenance:
    sources:
    - help-text
provenance:
  sources:
  - help-text
  confidence: 0.5
children_filled: true
