name: sg_sanitize
usage:
- 'Usage: sg_sanitize [--ause] [--block] [--count=OC] [--crypto] [--dry-run] [--early] [--fail] [--help] [--invert] [--ipl=LEN] [--overwrite] [--pattern=PF] [--quick] [--test=TE] [--timeout=SECS] [--verbose] [--version] [--wait] [--zero] [--znr] DEVICE'
positionals:
- name: DEVICE
  required: true
  provenance:
    sources:
    - help-text
flags:
- spellings:
  - --ause
  - -A
  group: 'where:'
  description: set AUSE bit in cdb
  provenance:
    sources:
    - help-text
- spellings:
  - --block
  - -B
  group: 'where:'
  description: do BLOCK ERASE sanitize
  provenance:
    sources:
    - help-text
- spellings:
  - --count
  - -c
  value_name: OC
  value_kind: Required
  group: 'where:'
  description: OC is overwrite count field (from 1 (def) to 31)
  provenance:
    sources:
    - help-text
- spellings:
  - --crypto
  - -C
  group: 'where:'
  description: do CRYPTOGRAPHIC ERASE sanitize
  provenance:
    sources:
    - help-text
- spellings:
  - --desc
  - -d
  group: 'where:'
  description: 'polling request sense sets ''desc'' field (def: clear ''desc'' field)'
  provenance:
    sources:
    - help-text
- spellings:
  - --dry-run
  - -D
  group: 'where:'
  description: to preparation but bypass SANITIZE commnd
  provenance:
    sources:
    - help-text
- spellings:
  - --early
  - -e
  group: 'where:'
  description: exit once sanitize started (IMMED set in cdb) user can monitor progress with REQUEST SENSE
  provenance:
    sources:
    - help-text
- spellings:
  - --fail
  - -F
  group: 'where:'
  description: do EXIT FAILURE MODE sanitize
  provenance:
    sources:
    - help-text
- spellings:
  - --help
  - -h
  group: 'where:'
  description: print out usage message
  provenance:
    sources:
    - help-text
- spellings:
  - --invert
  - -I
  group: 'where:'
  description: set INVERT bit in OVERWRITE parameter list
  provenance:
    sources:
    - help-text
- spellings:
  - --ipl
  - -i
  value_name: LEN
  value_kind: Required
  group: 'where:'
  description: initialization pattern length (in bytes)
  provenance:
    sources:
    - help-text
- spellings:
  - --overwrite
  - -O
  group: 'where:'
  description: do OVERWRITE sanitize
  provenance:
    sources:
    - help-text
- spellings:
  - --pattern
  - -p
  value_name: PF
  value_kind: Required
  group: 'where:'
  description: PF is file containing initialization pattern for OVERWRITE
  provenance:
    sources:
    - help-text
- spellings:
  - --quick
  - -Q
  group: 'where:'
  description: start sanitize without pause for user intervention (i.e. no time to reconsider)
  provenance:
    sources:
    - help-text
- spellings:
  - --test
  - -T
  value_name: TE
  value_kind: Required
  group: 'where:'
  description: 'TE is placed in TEST field of OVERWRITE parameter list (def: 0)'
  provenance:
    sources:
    - help-text
- spellings:
  - --timeout
  - -t
  value_name: SECS
  value_kind: Required
  group: 'where:'
  description: SANITIZE command timeout in seconds
  provenance:
    sources:
    - help-text
- spellings:
  - --verbose
  - -v
  group: 'where:'
  description: increase verbosity
  provenance:
    sources:
    - help-text
- spellings:
  - --version
  - -V
  group: 'where:'
  description: print version string then exit
  provenance:
    sources:
    - help-text
- spellings:
  - --wait
  - -w
  group: 'where:'
  description: wait for command to finish (could take hours)
  provenance:
    sources:
    - help-text
- spellings:
  - --zero
  - -z
  group: 'where:'
  description: use pattern of zeros for OVERWRITE
  provenance:
    sources:
    - help-text
- spellings:
  - --znr
  - -Z
  group: 'where:'
  description: set ZNR (zone no reset) bit in cdb
  provenance:
    sources:
    - help-text
provenance:
  sources:
  - help-text
  confidence: 0.5
children_filled: true
