name: chattr
usage:
- 'Usage: chattr [-RVf] [-+=aAcCdDeijPsStTuFx] [-p project] [-v version] files...'
positionals:
- name: -+=aAcCdDeijPsStTuFx
  provenance:
    sources:
    - help-text
- name: files
  required: true
  variadic: true
  provenance:
    sources:
    - help-text
flags:
- spellings:
  - -R
  provenance:
    sources:
    - help-text-synopsis
- spellings:
  - -V
  provenance:
    sources:
    - help-text-synopsis
- spellings:
  - -f
  provenance:
    sources:
    - help-text-synopsis
- spellings:
  - -p
  value_name: project
  value_kind: Required
  provenance:
    sources:
    - help-text-synopsis
- spellings:
  - -v
  value_name: version
  value_kind: Required
  provenance:
    sources:
    - help-text-synopsis
provenance:
  sources:
  - help-text
  confidence: 0.5
children_filled: true
